<html>
<body>
<pre>
<h1>µVision Build Log</h1>
<h2>Tool Versions:</h2>
IDE-Version: µVision V5.31.0.0
Copyright (C) 2020 ARM Ltd and ARM Germany GmbH. All rights reserved.
License Information: Jeffry Quino Briceño, UNAC, LIC=32BMM-XTZRF-J6NQ9-4SYS7-JFC84-CXISW
 
Tool Versions:
Toolchain:       MDK-ARM Plus  Version: 5.31.0.0
Toolchain Path:  C:\Keil_v5\ARM\ARMCLANG\Bin
C Compiler:      ArmClang.exe V6.14
Assembler:       Armasm.exe V6.14
Linker/Locator:  ArmLink.exe V6.14
Library Manager: ArmAr.exe V6.14
Hex Converter:   FromElf.exe V6.14
CPU DLL:         SARMCM3.DLL V5.31.0.0
Dialog DLL:      DCM.DLL V1.17.3.0
Target DLL:      STLink\ST-LINKIII-KEIL_SWO.dll V3.0.7.0
Dialog DLL:      TCM.DLL V1.46.0.0
 
<h2>Project:</h2>
D:\CURSOS UDEMY\STM32\DSP ON ARM\DSP-ARM CORTEX M4\DSP-LIBRO\CODIGO KEIL\cap2_ejercicio_2_18\ejercicio 16.uvprojx
Project File Date:  11/28/2020

<h2>Output:</h2>
*** Using Compiler 'V6.14', folder: 'C:\Keil_v5\ARM\ARMCLANG\Bin'
Build target 'DPS AMR CORTEX -M4'
main.c(1): warning: In file included from...
C:/Users/Lenovo/AppData/Local/Arm/Packs/Keil/STM32F4xx_DFP/2.15.0/Drivers/CMSIS/Device/ST/STM32F4xx/Include\stm32f4xx.h(133): warning: In file included from...
C:/Users/Lenovo/AppData/Local/Arm/Packs/Keil/STM32F4xx_DFP/2.15.0/Drivers/CMSIS/Device/ST/STM32F4xx/Include/stm32f407xx.h(52): warning: '__FPU_PRESENT' macro redefined [-Wmacro-redefined]
#define __FPU_PRESENT             1U       /*!< FPU present                                   */
        ^
<command line>(5): note: previous definition is here
#define __FPU_PRESENT 1
        ^
main.c(2): warning: In file included from...
C:/Users/Lenovo/AppData/Local/Arm/Packs/ARM/CMSIS/5.7.0/CMSIS/DSP/Include\arm_math.h(1220): warning: implicit conversion changes signedness: 'q31_t' (aka 'int') to 'uint32_t' (aka 'unsigned int') [-Wsign-conversion]
      signBits = ((uint32_t) (__CLZ( in) - 1));
                              ~~~~~  ^~
C:/Users/Lenovo/AppData/Local/Arm/Packs/ARM/CMSIS/5.7.0/CMSIS/DSP/Include\arm_math.h(1224): warning: implicit conversion changes signedness: 'q31_t' (aka 'int') to 'uint32_t' (aka 'unsigned int') [-Wsign-conversion]
      signBits = ((uint32_t) (__CLZ(-in) - 1));
                              ~~~~~ ^~~
C:/Users/Lenovo/AppData/Local/Arm/Packs/ARM/CMSIS/5.7.0/CMSIS/DSP/Include\arm_math.h(1271): warning: implicit conversion changes signedness: 'q15_t' (aka 'short') to 'uint32_t' (aka 'unsigned int') [-Wsign-conversion]
      signBits = ((uint32_t)(__CLZ( in) - 17));
                             ~~~~~  ^~
C:/Users/Lenovo/AppData/Local/Arm/Packs/ARM/CMSIS/5.7.0/CMSIS/DSP/Include\arm_math.h(1275): warning: implicit conversion changes signedness: 'int' to 'uint32_t' (aka 'unsigned int') [-Wsign-conversion]
      signBits = ((uint32_t)(__CLZ(-in) - 17));
                             ~~~~~ ^~~
C:/Users/Lenovo/AppData/Local/Arm/Packs/ARM/CMSIS/5.7.0/CMSIS/DSP/Include\arm_math.h(1279): warning: implicit conversion loses integer precision: 'int' to 'q15_t' (aka 'short') [-Wimplicit-int-conversion]
    in = (in << signBits);
       ~  ~~~^~~~~~~~~~~
C:/Users/Lenovo/AppData/Local/Arm/Packs/ARM/CMSIS/5.7.0/CMSIS/DSP/Include\arm_math.h(1295): warning: implicit conversion changes signedness: 'q31_t' (aka 'int') to 'unsigned int' [-Wsign-conversion]
      out = (q15_t) (((q31_t) out * tempVal) >> 14);
                      ^~~~~~~~~~~ ~
C:/Users/Lenovo/AppData/Local/Arm/Packs/ARM/CMSIS/5.7.0/CMSIS/DSP/Include\arm_math.h(1337): warning: implicit conversion changes signedness: 'int32_t' (aka 'int') to 'uint32_t' (aka 'unsigned int') [-Wsign-conversion]
    n1 = __CLZ(hi) - 32;
         ~~~~~ ^~
C:/Users/Lenovo/AppData/Local/Arm/Packs/ARM/CMSIS/5.7.0/CMSIS/DSP/Include\arm_math.h(1343): warning: implicit conversion changes signedness: 'int32_t' (aka 'int') to 'uint32_t' (aka 'unsigned int') [-Wsign-conversion]
        n1 = __CLZ(lo);
             ~~~~~ ^~
C:/Users/Lenovo/AppData/Local/Arm/Packs/ARM/CMSIS/5.7.0/CMSIS/DSP/Include\arm_math.h(1379): warning: implicit conversion changes signedness: 'unsigned int' to 'int32_t' (aka 'int') [-Wsign-conversion]
        *normalized = (((uint32_t) lo) >> n1) | (hi << (32 - n1));
                    ~ ~~~~~~~~~~~~~~~~~~~~~~~~^~~~~~~~~~~~~~~~~~~
C:/Users/Lenovo/AppData/Local/Arm/Packs/ARM/CMSIS/5.7.0/CMSIS/DSP/Include\arm_math.h(1379): warning: implicit conversion changes signedness: 'int32_t' (aka 'int') to 'unsigned int' [-Wsign-conversion]
        *normalized = (((uint32_t) lo) >> n1) | (hi << (32 - n1));
                                              ~  ~~~^~~~~~~~~~~~
C:/Users/Lenovo/AppData/Local/Arm/Packs/ARM/CMSIS/5.7.0/CMSIS/DSP/Include\arm_math.h(1394): warning: operand of ? changes signedness: 'q63_t' (aka 'long long') to 'uint64_t' (aka 'unsigned long long') [-Wsign-conversion]
    absNum = num > 0 ? num : -num;
           ~           ^~~
C:/Users/Lenovo/AppData/Local/Arm/Packs/ARM/CMSIS/5.7.0/CMSIS/DSP/Include\arm_math.h(1394): warning: operand of ? changes signedness: 'q63_t' (aka 'long long') to 'uint64_t' (aka 'unsigned long long') [-Wsign-conversion]
    absNum = num > 0 ? num : -num;
           ~                 ^~~~
C:/Users/Lenovo/AppData/Local/Arm/Packs/ARM/CMSIS/5.7.0/CMSIS/DSP/Include\arm_math.h(3203): warning: padding struct 'arm_cfft_instance_f64' with 2 bytes to align 'pTwiddle' [-Wpadded]
    const float64_t *pTwiddle;         /**< points to the Twiddle factor table. */
                     ^
C:/Users/Lenovo/AppData/Local/Arm/Packs/ARM/CMSIS/5.7.0/CMSIS/DSP/Include\arm_math.h(3200): warning: padding size of 'arm_cfft_instance_f64' with 2 bytes to alignment boundary [-Wpadded]
  typedef struct
          ^
C:/Users/Lenovo/AppData/Local/Arm/Packs/ARM/CMSIS/5.7.0/CMSIS/DSP/Include\arm_math.h(3172): warning: padding struct 'arm_cfft_instance_f32' with 2 bytes to align 'pTwiddle' [-Wpadded]
    const float32_t *pTwiddle;         /**< points to the Twiddle factor table. */
                     ^
C:/Users/Lenovo/AppData/Local/Arm/Packs/ARM/CMSIS/5.7.0/CMSIS/DSP/Include\arm_math.h(3169): warning: padding size of 'arm_cfft_instance_f32' with 2 bytes to alignment boundary [-Wpadded]
  typedef struct
          ^
C:/Users/Lenovo/AppData/Local/Arm/Packs/ARM/CMSIS/5.7.0/CMSIS/DSP/Include\arm_math.h(6510): warning: implicit conversion from 'int32_t' (aka 'int') to 'float' may lose precision [-Wimplicit-int-float-conversion]
      x0 = S->x1 +  i      * xSpacing;
                    ^      ~
C:/Users/Lenovo/AppData/Local/Arm/Packs/ARM/CMSIS/5.7.0/CMSIS/DSP/Include\arm_math.h(6511): warning: implicit conversion from 'int' to 'float' may lose precision [-Wimplicit-int-float-conversion]
      x1 = S->x1 + (i + 1) * xSpacing;
                    ~~^~~  ~
C:/Users/Lenovo/AppData/Local/Arm/Packs/ARM/CMSIS/5.7.0/CMSIS/DSP/Include\arm_math.h(8583): warning: implicit conversion from 'int32_t' (aka 'int') to 'float' may lose precision [-Wimplicit-int-float-conversion]
    xdiff = X - xIndex;
              ~ ^~~~~~
C:/Users/Lenovo/AppData/Local/Arm/Packs/ARM/CMSIS/5.7.0/CMSIS/DSP/Include\arm_math.h(8586): warning: implicit conversion from 'int32_t' (aka 'int') to 'float' may lose precision [-Wimplicit-int-float-conversion]
    ydiff = Y - yIndex;
              ~ ^~~~~~
main.c(3): warning: In file included from...
./time.h(5): warning: no previous prototype for function 'startTiming' [-Wmissing-prototypes]
void startTiming(void){
     ^
./time.h(5): note: declare 'static' if the function is not intended to be used outside of this translation unit
void startTiming(void){
^
static 
./time.h(11): warning: no previous prototype for function 'StopTiming' [-Wmissing-prototypes]
uint32_t StopTiming(void){
         ^
./time.h(11): note: declare 'static' if the function is not intended to be used outside of this translation unit
uint32_t StopTiming(void){
^
static 
./time.h(16): warning: implicit conversion from 'uint32_t' (aka 'unsigned int') to 'float' may lose precision [-Wimplicit-int-float-conversion]
        return((float)cycle/freq);
                           ~^~~~
./time.h(15): warning: no previous prototype for function 'calculateTime' [-Wmissing-prototypes]
float calculateTime(uint32_t cycle, uint32_t freq){
      ^
./time.h(15): note: declare 'static' if the function is not intended to be used outside of this translation unit
float calculateTime(uint32_t cycle, uint32_t freq){
^
static 
main.c(4): warning: In file included from...
./FIR_hpf_coefficients.h(3): warning: implicit conversion loses floating-point precision: 'double' to 'float' [-Wimplicit-float-conversion]
float h[K] = {0.705514, -0.451674, -0.234801, -0.110490, -0.041705, -0.005635, 0.011617, 0.018401, 
             ~^~~~~~~~
./FIR_hpf_coefficients.h(3): warning: implicit conversion loses floating-point precision: 'double' to 'float' [-Wimplicit-float-conversion]
float h[K] = {0.705514, -0.451674, -0.234801, -0.110490, -0.041705, -0.005635, 0.011617, 0.018401, 
             ~          ^~~~~~~~~
./FIR_hpf_coefficients.h(3): warning: implicit conversion loses floating-point precision: 'double' to 'float' [-Wimplicit-float-conversion]
float h[K] = {0.705514, -0.451674, -0.234801, -0.110490, -0.041705, -0.005635, 0.011617, 0.018401, 
             ~                     ^~~~~~~~~
./FIR_hpf_coefficients.h(3): warning: implicit conversion loses floating-point precision: 'double' to 'float' [-Wimplicit-float-conversion]
float h[K] = {0.705514, -0.451674, -0.234801, -0.110490, -0.041705, -0.005635, 0.011617, 0.018401, 
             ~                                ^~~~~~~~~
./FIR_hpf_coefficients.h(3): warning: implicit conversion loses floating-point precision: 'double' to 'float' [-Wimplicit-float-conversion]
float h[K] = {0.705514, -0.451674, -0.234801, -0.110490, -0.041705, -0.005635, 0.011617, 0.018401, 
             ~                                           ^~~~~~~~~
./FIR_hpf_coefficients.h(3): warning: implicit conversion loses floating-point precision: 'double' to 'float' [-Wimplicit-float-conversion]
float h[K] = {0.705514, -0.451674, -0.234801, -0.110490, -0.041705, -0.005635, 0.011617, 0.018401, 
             ~                                                      ^~~~~~~~~
./FIR_hpf_coefficients.h(3): warning: implicit conversion loses floating-point precision: 'double' to 'float' [-Wimplicit-float-conversion]
float h[K] = {0.705514, -0.451674, -0.234801, -0.110490, -0.041705, -0.005635, 0.011617, 0.018401, 
             ~                                                                 ^~~~~~~~
./FIR_hpf_coefficients.h(3): warning: implicit conversion loses floating-point precision: 'double' to 'float' [-Wimplicit-float-conversion]
float h[K] = {0.705514, -0.451674, -0.234801, -0.110490, -0.041705, -0.005635, 0.011617, 0.018401, 
             ~                                                                           ^~~~~~~~
./FIR_hpf_coefficients.h(4): warning: implicit conversion loses floating-point precision: 'double' to 'float' [-Wimplicit-float-conversion]
                                                        0.019652, 0.018216, 0.015686, 0.012909, 0.010303, 0.008042, 0.006173, 0.004677, 
                                                        ^~~~~~~~
./FIR_hpf_coefficients.h(4): warning: implicit conversion loses floating-point precision: 'double' to 'float' [-Wimplicit-float-conversion]
                                                        0.019652, 0.018216, 0.015686, 0.012909, 0.010303, 0.008042, 0.006173, 0.004677, 
                                                                  ^~~~~~~~
./FIR_hpf_coefficients.h(4): warning: implicit conversion loses floating-point precision: 'double' to 'float' [-Wimplicit-float-conversion]
                                                        0.019652, 0.018216, 0.015686, 0.012909, 0.010303, 0.008042, 0.006173, 0.004677, 
                                                                            ^~~~~~~~
./FIR_hpf_coefficients.h(4): warning: implicit conversion loses floating-point precision: 'double' to 'float' [-Wimplicit-float-conversion]
                                                        0.019652, 0.018216, 0.015686, 0.012909, 0.010303, 0.008042, 0.006173, 0.004677, 
                                                                                      ^~~~~~~~
./FIR_hpf_coefficients.h(4): warning: implicit conversion loses floating-point precision: 'double' to 'float' [-Wimplicit-float-conversion]
                                                        0.019652, 0.018216, 0.015686, 0.012909, 0.010303, 0.008042, 0.006173, 0.004677, 
                                                                                                ^~~~~~~~
./FIR_hpf_coefficients.h(4): warning: implicit conversion loses floating-point precision: 'double' to 'float' [-Wimplicit-float-conversion]
                                                        0.019652, 0.018216, 0.015686, 0.012909, 0.010303, 0.008042, 0.006173, 0.004677, 
                                                                                                          ^~~~~~~~
./FIR_hpf_coefficients.h(4): warning: implicit conversion loses floating-point precision: 'double' to 'float' [-Wimplicit-float-conversion]
                                                        0.019652, 0.018216, 0.015686, 0.012909, 0.010303, 0.008042, 0.006173, 0.004677, 
                                                                                                                    ^~~~~~~~
./FIR_hpf_coefficients.h(4): warning: implicit conversion loses floating-point precision: 'double' to 'float' [-Wimplicit-float-conversion]
                                                        0.019652, 0.018216, 0.015686, 0.012909, 0.010303, 0.008042, 0.006173, 0.004677, 
                                                                                                                              ^~~~~~~~
./FIR_hpf_coefficients.h(5): warning: implicit conversion loses floating-point precision: 'double' to 'float' [-Wimplicit-float-conversion]
                                                        0.003506, 0.002605, 0.001922, 0.001409, 0.001028, 0.000746, 0.000540, 0.000389, 
                                                        ^~~~~~~~
./FIR_hpf_coefficients.h(5): warning: implicit conversion loses floating-point precision: 'double' to 'float' [-Wimplicit-float-conversion]
                                                        0.003506, 0.002605, 0.001922, 0.001409, 0.001028, 0.000746, 0.000540, 0.000389, 
                                                                  ^~~~~~~~
./FIR_hpf_coefficients.h(5): warning: implicit conversion loses floating-point precision: 'double' to 'float' [-Wimplicit-float-conversion]
                                                        0.003506, 0.002605, 0.001922, 0.001409, 0.001028, 0.000746, 0.000540, 0.000389, 
                                                                            ^~~~~~~~
./FIR_hpf_coefficients.h(5): warning: implicit conversion loses floating-point precision: 'double' to 'float' [-Wimplicit-float-conversion]
                                                        0.003506, 0.002605, 0.001922, 0.001409, 0.001028, 0.000746, 0.000540, 0.000389, 
                                                                                      ^~~~~~~~
./FIR_hpf_coefficients.h(5): warning: implicit conversion loses floating-point precision: 'double' to 'float' [-Wimplicit-float-conversion]
                                                        0.003506, 0.002605, 0.001922, 0.001409, 0.001028, 0.000746, 0.000540, 0.000389, 
                                                                                                ^~~~~~~~
./FIR_hpf_coefficients.h(5): warning: implicit conversion loses floating-point precision: 'double' to 'float' [-Wimplicit-float-conversion]
                                                        0.003506, 0.002605, 0.001922, 0.001409, 0.001028, 0.000746, 0.000540, 0.000389, 
                                                                                                          ^~~~~~~~
./FIR_hpf_coefficients.h(5): warning: implicit conversion loses floating-point precision: 'double' to 'float' [-Wimplicit-float-conversion]
                                                        0.003506, 0.002605, 0.001922, 0.001409, 0.001028, 0.000746, 0.000540, 0.000389, 
                                                                                                                    ^~~~~~~~
./FIR_hpf_coefficients.h(5): warning: implicit conversion loses floating-point precision: 'double' to 'float' [-Wimplicit-float-conversion]
                                                        0.003506, 0.002605, 0.001922, 0.001409, 0.001028, 0.000746, 0.000540, 0.000389, 
                                                                                                                              ^~~~~~~~
./FIR_hpf_coefficients.h(6): warning: implicit conversion loses floating-point precision: 'double' to 'float' [-Wimplicit-float-conversion]
                                                        0.000279, 0.000200, 0.000143, 0.000102, 0.000072, 0.000051, 0.000036, 0.000026, 
                                                        ^~~~~~~~
./FIR_hpf_coefficients.h(6): warning: implicit conversion loses floating-point precision: 'double' to 'float' [-Wimplicit-float-conversion]
                                                        0.000279, 0.000200, 0.000143, 0.000102, 0.000072, 0.000051, 0.000036, 0.000026, 
                                                                  ^~~~~~~~
./FIR_hpf_coefficients.h(6): warning: implicit conversion loses floating-point precision: 'double' to 'float' [-Wimplicit-float-conversion]
                                                        0.000279, 0.000200, 0.000143, 0.000102, 0.000072, 0.000051, 0.000036, 0.000026, 
                                                                            ^~~~~~~~
./FIR_hpf_coefficients.h(6): warning: implicit conversion loses floating-point precision: 'double' to 'float' [-Wimplicit-float-conversion]
                                                        0.000279, 0.000200, 0.000143, 0.000102, 0.000072, 0.000051, 0.000036, 0.000026, 
                                                                                      ^~~~~~~~
./FIR_hpf_coefficients.h(6): warning: implicit conversion loses floating-point precision: 'double' to 'float' [-Wimplicit-float-conversion]
                                                        0.000279, 0.000200, 0.000143, 0.000102, 0.000072, 0.000051, 0.000036, 0.000026, 
                                                                                                ^~~~~~~~
./FIR_hpf_coefficients.h(6): warning: implicit conversion loses floating-point precision: 'double' to 'float' [-Wimplicit-float-conversion]
                                                        0.000279, 0.000200, 0.000143, 0.000102, 0.000072, 0.000051, 0.000036, 0.000026, 
                                                                                                          ^~~~~~~~
./FIR_hpf_coefficients.h(6): warning: implicit conversion loses floating-point precision: 'double' to 'float' [-Wimplicit-float-conversion]
                                                        0.000279, 0.000200, 0.000143, 0.000102, 0.000072, 0.000051, 0.000036, 0.000026, 
                                                                                                                    ^~~~~~~~
./FIR_hpf_coefficients.h(6): warning: implicit conversion loses floating-point precision: 'double' to 'float' [-Wimplicit-float-conversion]
                                                        0.000279, 0.000200, 0.000143, 0.000102, 0.000072, 0.000051, 0.000036, 0.000026, 
                                                                                                                              ^~~~~~~~
./FIR_hpf_coefficients.h(7): warning: implicit conversion loses floating-point precision: 'double' to 'float' [-Wimplicit-float-conversion]
                                                        0.000018, 0.000013, 0.000009, 0.000006, 0.000004, 0.000003, 0.000002, 0.000002, 
                                                        ^~~~~~~~
./FIR_hpf_coefficients.h(7): warning: implicit conversion loses floating-point precision: 'double' to 'float' [-Wimplicit-float-conversion]
                                                        0.000018, 0.000013, 0.000009, 0.000006, 0.000004, 0.000003, 0.000002, 0.000002, 
                                                                  ^~~~~~~~
./FIR_hpf_coefficients.h(7): warning: implicit conversion loses floating-point precision: 'double' to 'float' [-Wimplicit-float-conversion]
                                                        0.000018, 0.000013, 0.000009, 0.000006, 0.000004, 0.000003, 0.000002, 0.000002, 
                                                                            ^~~~~~~~
./FIR_hpf_coefficients.h(7): warning: implicit conversion loses floating-point precision: 'double' to 'float' [-Wimplicit-float-conversion]
                                                        0.000018, 0.000013, 0.000009, 0.000006, 0.000004, 0.000003, 0.000002, 0.000002, 
                                                                                      ^~~~~~~~
./FIR_hpf_coefficients.h(7): warning: implicit conversion loses floating-point precision: 'double' to 'float' [-Wimplicit-float-conversion]
                                                        0.000018, 0.000013, 0.000009, 0.000006, 0.000004, 0.000003, 0.000002, 0.000002, 
                                                                                                ^~~~~~~~
./FIR_hpf_coefficients.h(7): warning: implicit conversion loses floating-point precision: 'double' to 'float' [-Wimplicit-float-conversion]
                                                        0.000018, 0.000013, 0.000009, 0.000006, 0.000004, 0.000003, 0.000002, 0.000002, 
                                                                                                          ^~~~~~~~
./FIR_hpf_coefficients.h(7): warning: implicit conversion loses floating-point precision: 'double' to 'float' [-Wimplicit-float-conversion]
                                                        0.000018, 0.000013, 0.000009, 0.000006, 0.000004, 0.000003, 0.000002, 0.000002, 
                                                                                                                    ^~~~~~~~
./FIR_hpf_coefficients.h(7): warning: implicit conversion loses floating-point precision: 'double' to 'float' [-Wimplicit-float-conversion]
                                                        0.000018, 0.000013, 0.000009, 0.000006, 0.000004, 0.000003, 0.000002, 0.000002, 
                                                                                                                              ^~~~~~~~
./FIR_hpf_coefficients.h(8): warning: implicit conversion loses floating-point precision: 'double' to 'float' [-Wimplicit-float-conversion]
                                                        0.000001, 0.000001, 0.000001, 0.000000, 0.000000, 0.000000, 0.000000, 0.000000};
                                                        ^~~~~~~~
./FIR_hpf_coefficients.h(8): warning: implicit conversion loses floating-point precision: 'double' to 'float' [-Wimplicit-float-conversion]
                                                        0.000001, 0.000001, 0.000001, 0.000000, 0.000000, 0.000000, 0.000000, 0.000000};
                                                                  ^~~~~~~~
./FIR_hpf_coefficients.h(8): warning: implicit conversion loses floating-point precision: 'double' to 'float' [-Wimplicit-float-conversion]
                                                        0.000001, 0.000001, 0.000001, 0.000000, 0.000000, 0.000000, 0.000000, 0.000000};
                                                                            ^~~~~~~~
./FIR_hpf_coefficients.h(3): warning: no previous extern declaration for non-static variable 'h' [-Wmissing-variable-declarations]
float h[K] = {0.705514, -0.451674, -0.234801, -0.110490, -0.041705, -0.005635, 0.011617, 0.018401, 
      ^
./FIR_hpf_coefficients.h(3): note: declare 'static' if the variable is not intended to be used outside of this translation unit
float h[K] = {0.705514, -0.451674, -0.234801, -0.110490, -0.041705, -0.005635, 0.011617, 0.018401, 
^
main.c(23): warning: declaration shadows a variable in the global scope [-Wshadow]
        int n;
            ^
main.c(14): note: previous declaration is here
int16_t n,k; 
        ^
main.c(25): warning: implicit conversion from 'int' to 'float' may lose precision [-Wimplicit-int-float-conversion]
                x[n] = arm_sin_f32(PI*n/128)+arm_sin_f32(PI*n/4);
                                     ~^
main.c(25): warning: implicit conversion from 'int' to 'float' may lose precision [-Wimplicit-int-float-conversion]
                x[n] = arm_sin_f32(PI*n/128)+arm_sin_f32(PI*n/4);
                                                           ~^
main.c(2): warning: In file included from...
C:/Users/Lenovo/AppData/Local/Arm/Packs/ARM/CMSIS/5.7.0/CMSIS/DSP/Include\arm_math.h(1782): warning: padding struct 'arm_fir_instance_f32' with 2 bytes to align 'pState' [-Wpadded]
          float32_t *pState;    /**< points to the state variable array. The array is of length numTaps+blockSize-1. */
                     ^
main.c(10): warning: no previous extern declaration for non-static variable 'excutionTime' [-Wmissing-variable-declarations]
float32_t excutionTime;
          ^
main.c(10): note: declare 'static' if the variable is not intended to be used outside of this translation unit
float32_t excutionTime;
^
main.c(11): warning: no previous extern declaration for non-static variable 'x' [-Wmissing-variable-declarations]
float32_t x[N], y[N];
          ^
main.c(11): note: declare 'static' if the variable is not intended to be used outside of this translation unit
float32_t x[N], y[N];
^
main.c(11): warning: no previous extern declaration for non-static variable 'y' [-Wmissing-variable-declarations]
float32_t x[N], y[N];
                ^
main.c(11): note: declare 'static' if the variable is not intended to be used outside of this translation unit
float32_t x[N], y[N];
^
main.c(12): warning: no previous extern declaration for non-static variable 'cycleCount' [-Wmissing-variable-declarations]
uint32_t cycleCount;
         ^
main.c(12): note: declare 'static' if the variable is not intended to be used outside of this translation unit
uint32_t cycleCount;
^
main.c(13): warning: no previous extern declaration for non-static variable 'firStateF32' [-Wmissing-variable-declarations]
float32_t firStateF32[N + K - 1];
          ^
main.c(13): note: declare 'static' if the variable is not intended to be used outside of this translation unit
float32_t firStateF32[N + K - 1];
^
main.c(14): warning: no previous extern declaration for non-static variable 'n' [-Wmissing-variable-declarations]
int16_t n,k; 
        ^
main.c(14): note: declare 'static' if the variable is not intended to be used outside of this translation unit
int16_t n,k; 
^
main.c(14): warning: no previous extern declaration for non-static variable 'k' [-Wmissing-variable-declarations]
int16_t n,k; 
          ^
main.c(14): note: declare 'static' if the variable is not intended to be used outside of this translation unit
int16_t n,k; 
^
main.c(15): warning: no previous extern declaration for non-static variable 'dummy' [-Wmissing-variable-declarations]
float32_t dummy; 
          ^
main.c(15): note: declare 'static' if the variable is not intended to be used outside of this translation unit
float32_t dummy; 
^
main.c(16): warning: no previous extern declaration for non-static variable 'S' [-Wmissing-variable-declarations]
arm_fir_instance_f32 S;
                     ^
main.c(16): note: declare 'static' if the variable is not intended to be used outside of this translation unit
arm_fir_instance_f32 S;
^
82 warnings generated.
compiling main.c...
linking...
Program Size: Code=1032 RO-data=2476 RW-data=192 ZI-data=7984  
".\Objects\ejercicio 16.axf" - 0 Error(s), 82 Warning(s).

<h2>Software Packages used:</h2>

Package Vendor: ARM
                http://www.keil.com/pack/ARM.CMSIS.5.7.0.pack
                ARM.CMSIS.5.7.0
                CMSIS (Cortex Microcontroller Software Interface Standard)
   * Component: CORE Version: 5.4.0
   * Component: DSP Variant: Source Version: 1.8.0

Package Vendor: Keil
                http://www.keil.com/pack/Keil.STM32F4xx_DFP.2.15.0.pack
                Keil.STM32F4xx_DFP.2.15.0
                STMicroelectronics STM32F4 Series Device Support, Drivers and Examples
   * Component: Startup Version: 2.6.3

<h2>Collection of Component include folders:</h2>
  .\RTE\_DPS_AMR_CORTEX_-M4
  C:\Users\Lenovo\AppData\Local\Arm\Packs\ARM\CMSIS\5.7.0\CMSIS\Core\Include
  C:\Users\Lenovo\AppData\Local\Arm\Packs\ARM\CMSIS\5.7.0\CMSIS\DSP\Include
  C:\Users\Lenovo\AppData\Local\Arm\Packs\ARM\CMSIS\5.7.0\CMSIS\DSP\PrivateInclude
  C:\Users\Lenovo\AppData\Local\Arm\Packs\Keil\STM32F4xx_DFP\2.15.0\Drivers\CMSIS\Device\ST\STM32F4xx\Include

<h2>Collection of Component Files used:</h2>

   * Component: ARM::CMSIS:CORE:5.4.0

   * Component: ARM::CMSIS:DSP:Source:1.8.0
      Include file:  CMSIS\DSP\Include\arm_math.h
      Source file:   CMSIS\DSP\Source\BasicMathFunctions\BasicMathFunctions.c
      Source file:   CMSIS\DSP\Source\ControllerFunctions\ControllerFunctions.c
      Source file:   CMSIS\DSP\Source\FastMathFunctions\FastMathFunctions.c
      Source file:   CMSIS\DSP\Source\MatrixFunctions\MatrixFunctions.c
      Source file:   CMSIS\DSP\Source\StatisticsFunctions\StatisticsFunctions.c
      Source file:   CMSIS\DSP\Source\DistanceFunctions\DistanceFunctions.c
      Source file:   CMSIS\DSP\Source\SupportFunctions\SupportFunctions.c
      Source file:   CMSIS\DSP\Source\SVMFunctions\SVMFunctions.c
      Source file:   CMSIS\DSP\Source\FilteringFunctions\FilteringFunctions.c
      Source file:   CMSIS\DSP\Source\ComplexMathFunctions\ComplexMathFunctions.c
      Source file:   CMSIS\DSP\Source\BayesFunctions\BayesFunctions.c
      Source file:   CMSIS\DSP\Source\TransformFunctions\TransformFunctions.c
      Source file:   CMSIS\DSP\Source\CommonTables\CommonTables.c

   * Component: Keil::Device:Startup:2.6.3
      Source file:   MDK\Device\Source\ARM\STM32F4xx_OTP.s
      Source file:   MDK\Device\Source\ARM\STM32F40xxx_41xxx_OPT.s
      Source file:   Drivers\CMSIS\Device\ST\STM32F4xx\Source\Templates\arm\startup_stm32f407xx.s
      Include file:  Drivers\CMSIS\Device\ST\STM32F4xx\Include\stm32f4xx.h
      Source file:   Drivers\CMSIS\Device\ST\STM32F4xx\Source\Templates\system_stm32f4xx.c
Build Time Elapsed:  00:00:04
</pre>
</body>
</html>
