Component: ARM Compiler 6.14 Tool: armlink [5db06800]

==============================================================================

Section Cross References

    main.o(.text.main) refers to main.o(.bss.n) for n
    main.o(.text.main) refers to main.o(.data.w1) for w1
    main.o(.text.main) refers to main.o(.bss.sin1) for sin1
    main.o(.text.main) refers to main.o(.data.w2) for w2
    main.o(.text.main) refers to main.o(.bss.sin2) for sin2
    main.o(.text.main) refers to f2d.o(x$fpl$f2d) for __aeabi_f2d
    main.o(.text.main) refers to cos.o(i.__hardfp_cos) for __hardfp_cos
    main.o(.text.main) refers to d2f.o(x$fpl$d2f) for __aeabi_d2f
    main.o(.ARM.exidx.text.main) refers to main.o(.text.main) for [Anonymous Symbol]
    basicmathfunctions.o(.ARM.exidx.text.arm_abs_f32) refers to basicmathfunctions.o(.text.arm_abs_f32) for [Anonymous Symbol]
    basicmathfunctions.o(.ARM.exidx.text.arm_abs_q15) refers to basicmathfunctions.o(.text.arm_abs_q15) for [Anonymous Symbol]
    basicmathfunctions.o(.ARM.exidx.text.arm_abs_q31) refers to basicmathfunctions.o(.text.arm_abs_q31) for [Anonymous Symbol]
    basicmathfunctions.o(.ARM.exidx.text.arm_abs_q7) refers to basicmathfunctions.o(.text.arm_abs_q7) for [Anonymous Symbol]
    basicmathfunctions.o(.ARM.exidx.text.arm_add_f32) refers to basicmathfunctions.o(.text.arm_add_f32) for [Anonymous Symbol]
    basicmathfunctions.o(.ARM.exidx.text.arm_add_q15) refers to basicmathfunctions.o(.text.arm_add_q15) for [Anonymous Symbol]
    basicmathfunctions.o(.ARM.exidx.text.arm_add_q31) refers to basicmathfunctions.o(.text.arm_add_q31) for [Anonymous Symbol]
    basicmathfunctions.o(.ARM.exidx.text.arm_add_q7) refers to basicmathfunctions.o(.text.arm_add_q7) for [Anonymous Symbol]
    basicmathfunctions.o(.ARM.exidx.text.arm_and_u16) refers to basicmathfunctions.o(.text.arm_and_u16) for [Anonymous Symbol]
    basicmathfunctions.o(.ARM.exidx.text.arm_and_u32) refers to basicmathfunctions.o(.text.arm_and_u32) for [Anonymous Symbol]
    basicmathfunctions.o(.ARM.exidx.text.arm_and_u8) refers to basicmathfunctions.o(.text.arm_and_u8) for [Anonymous Symbol]
    basicmathfunctions.o(.ARM.exidx.text.arm_dot_prod_f32) refers to basicmathfunctions.o(.text.arm_dot_prod_f32) for [Anonymous Symbol]
    basicmathfunctions.o(.ARM.exidx.text.arm_dot_prod_q15) refers to basicmathfunctions.o(.text.arm_dot_prod_q15) for [Anonymous Symbol]
    basicmathfunctions.o(.ARM.exidx.text.arm_dot_prod_q31) refers to basicmathfunctions.o(.text.arm_dot_prod_q31) for [Anonymous Symbol]
    basicmathfunctions.o(.ARM.exidx.text.arm_dot_prod_q7) refers to basicmathfunctions.o(.text.arm_dot_prod_q7) for [Anonymous Symbol]
    basicmathfunctions.o(.ARM.exidx.text.arm_mult_f32) refers to basicmathfunctions.o(.text.arm_mult_f32) for [Anonymous Symbol]
    basicmathfunctions.o(.ARM.exidx.text.arm_mult_q15) refers to basicmathfunctions.o(.text.arm_mult_q15) for [Anonymous Symbol]
    basicmathfunctions.o(.ARM.exidx.text.arm_mult_q31) refers to basicmathfunctions.o(.text.arm_mult_q31) for [Anonymous Symbol]
    basicmathfunctions.o(.ARM.exidx.text.arm_mult_q7) refers to basicmathfunctions.o(.text.arm_mult_q7) for [Anonymous Symbol]
    basicmathfunctions.o(.ARM.exidx.text.arm_negate_f32) refers to basicmathfunctions.o(.text.arm_negate_f32) for [Anonymous Symbol]
    basicmathfunctions.o(.ARM.exidx.text.arm_negate_q15) refers to basicmathfunctions.o(.text.arm_negate_q15) for [Anonymous Symbol]
    basicmathfunctions.o(.ARM.exidx.text.arm_negate_q31) refers to basicmathfunctions.o(.text.arm_negate_q31) for [Anonymous Symbol]
    basicmathfunctions.o(.ARM.exidx.text.arm_negate_q7) refers to basicmathfunctions.o(.text.arm_negate_q7) for [Anonymous Symbol]
    basicmathfunctions.o(.ARM.exidx.text.arm_not_u16) refers to basicmathfunctions.o(.text.arm_not_u16) for [Anonymous Symbol]
    basicmathfunctions.o(.ARM.exidx.text.arm_not_u32) refers to basicmathfunctions.o(.text.arm_not_u32) for [Anonymous Symbol]
    basicmathfunctions.o(.ARM.exidx.text.arm_not_u8) refers to basicmathfunctions.o(.text.arm_not_u8) for [Anonymous Symbol]
    basicmathfunctions.o(.ARM.exidx.text.arm_offset_f32) refers to basicmathfunctions.o(.text.arm_offset_f32) for [Anonymous Symbol]
    basicmathfunctions.o(.ARM.exidx.text.arm_offset_q15) refers to basicmathfunctions.o(.text.arm_offset_q15) for [Anonymous Symbol]
    basicmathfunctions.o(.ARM.exidx.text.arm_offset_q31) refers to basicmathfunctions.o(.text.arm_offset_q31) for [Anonymous Symbol]
    basicmathfunctions.o(.ARM.exidx.text.arm_offset_q7) refers to basicmathfunctions.o(.text.arm_offset_q7) for [Anonymous Symbol]
    basicmathfunctions.o(.ARM.exidx.text.arm_or_u16) refers to basicmathfunctions.o(.text.arm_or_u16) for [Anonymous Symbol]
    basicmathfunctions.o(.ARM.exidx.text.arm_or_u32) refers to basicmathfunctions.o(.text.arm_or_u32) for [Anonymous Symbol]
[...]
    Removing svmfunctions.o(.text.arm_svm_rbf_predict_f32), (172 bytes).
    Removing svmfunctions.o(.ARM.exidx.text.arm_svm_rbf_predict_f32), (8 bytes).
    Removing svmfunctions.o(.text.arm_svm_sigmoid_init_f32), (32 bytes).
    Removing svmfunctions.o(.ARM.exidx.text.arm_svm_sigmoid_init_f32), (8 bytes).
    Removing svmfunctions.o(.text.arm_svm_sigmoid_predict_f32), (172 bytes).
    Removing svmfunctions.o(.ARM.exidx.text.arm_svm_sigmoid_predict_f32), (8 bytes).
    Removing statisticsfunctions.o(.text), (0 bytes).
    Removing statisticsfunctions.o(.text.arm_entropy_f32), (64 bytes).
    Removing statisticsfunctions.o(.ARM.exidx.text.arm_entropy_f32), (8 bytes).
    Removing statisticsfunctions.o(.text.arm_entropy_f64), (120 bytes).
    Removing statisticsfunctions.o(.ARM.exidx.text.arm_entropy_f64), (8 bytes).
    Removing statisticsfunctions.o(.text.arm_kullback_leibler_f32), (76 bytes).
    Removing statisticsfunctions.o(.ARM.exidx.text.arm_kullback_leibler_f32), (8 bytes).
    Removing statisticsfunctions.o(.text.arm_kullback_leibler_f64), (152 bytes).
    Removing statisticsfunctions.o(.ARM.exidx.text.arm_kullback_leibler_f64), (8 bytes).
    Removing statisticsfunctions.o(.text.arm_logsumexp_dot_prod_f32), (24 bytes).
    Removing statisticsfunctions.o(.ARM.exidx.text.arm_logsumexp_dot_prod_f32), (8 bytes).
    Removing statisticsfunctions.o(.text.arm_logsumexp_f32), (104 bytes).
    Removing statisticsfunctions.o(.ARM.exidx.text.arm_logsumexp_f32), (8 bytes).
    Removing statisticsfunctions.o(.text.arm_max_f32), (66 bytes).
    Removing statisticsfunctions.o(.ARM.exidx.text.arm_max_f32), (8 bytes).
    Removing statisticsfunctions.o(.text.arm_max_q15), (48 bytes).
    Removing statisticsfunctions.o(.ARM.exidx.text.arm_max_q15), (8 bytes).
    Removing statisticsfunctions.o(.text.arm_max_q31), (44 bytes).
    Removing statisticsfunctions.o(.ARM.exidx.text.arm_max_q31), (8 bytes).
    Removing statisticsfunctions.o(.text.arm_max_q7), (66 bytes).
    Removing statisticsfunctions.o(.ARM.exidx.text.arm_max_q7), (8 bytes).
    Removing statisticsfunctions.o(.text.arm_max_no_idx_f32), (44 bytes).
    Removing statisticsfunctions.o(.ARM.exidx.text.arm_max_no_idx_f32), (8 bytes).
    Removing statisticsfunctions.o(.text.arm_mean_f32), (56 bytes).
    Removing statisticsfunctions.o(.ARM.exidx.text.arm_mean_f32), (8 bytes).
    Removing statisticsfunctions.o(.text.arm_mean_q15), (36 bytes).
    Removing statisticsfunctions.o(.ARM.exidx.text.arm_mean_q15), (8 bytes).
    Removing statisticsfunctions.o(.text.arm_mean_q31), (48 bytes).
    Removing statisticsfunctions.o(.ARM.exidx.text.arm_mean_q31), (8 bytes).
    Removing statisticsfunctions.o(.text.arm_mean_q7), (36 bytes).
    Removing statisticsfunctions.o(.ARM.exidx.text.arm_mean_q7), (8 bytes).
    Removing statisticsfunctions.o(.text.arm_min_f32), (66 bytes).
    Removing statisticsfunctions.o(.ARM.exidx.text.arm_min_f32), (8 bytes).
    Removing statisticsfunctions.o(.text.arm_min_q15), (48 bytes).
    Removing statisticsfunctions.o(.ARM.exidx.text.arm_min_q15), (8 bytes).
    Removing statisticsfunctions.o(.text.arm_min_q31), (44 bytes).
    Removing statisticsfunctions.o(.ARM.exidx.text.arm_min_q31), (8 bytes).
    Removing statisticsfunctions.o(.text.arm_min_q7), (66 bytes).
    Removing statisticsfunctions.o(.ARM.exidx.text.arm_min_q7), (8 bytes).
    Removing statisticsfunctions.o(.text.arm_power_f32), (36 bytes).
    Removing statisticsfunctions.o(.ARM.exidx.text.arm_power_f32), (8 bytes).
    Removing statisticsfunctions.o(.text.arm_power_q15), (52 bytes).
    Removing statisticsfunctions.o(.ARM.exidx.text.arm_power_q15), (8 bytes).
    Removing statisticsfunctions.o(.text.arm_power_q31), (60 bytes).
    Removing statisticsfunctions.o(.ARM.exidx.text.arm_power_q31), (8 bytes).
    Removing statisticsfunctions.o(.text.arm_power_q7), (30 bytes).
    Removing statisticsfunctions.o(.ARM.exidx.text.arm_power_q7), (8 bytes).
    Removing statisticsfunctions.o(.text.arm_rms_f32), (112 bytes).
    Removing statisticsfunctions.o(.ARM.exidx.text.arm_rms_f32), (8 bytes).
    Removing statisticsfunctions.o(.text.arm_rms_q15), (66 bytes).
    Removing statisticsfunctions.o(.ARM.exidx.text.arm_rms_q15), (8 bytes).
    Removing statisticsfunctions.o(.text.arm_rms_q31), (70 bytes).
    Removing statisticsfunctions.o(.ARM.exidx.text.arm_rms_q31), (8 bytes).
    Removing statisticsfunctions.o(.text.arm_std_f32), (80 bytes).
    Removing statisticsfunctions.o(.ARM.exidx.text.arm_std_f32), (8 bytes).
    Removing statisticsfunctions.o(.text.arm_var_f32), (112 bytes).
    Removing statisticsfunctions.o(.ARM.exidx.text.arm_var_f32), (8 bytes).
    Removing statisticsfunctions.o(.text.arm_std_q15), (98 bytes).
    Removing statisticsfunctions.o(.ARM.exidx.text.arm_std_q15), (8 bytes).
    Removing statisticsfunctions.o(.text.arm_std_q31), (128 bytes).
    Removing statisticsfunctions.o(.ARM.exidx.text.arm_std_q31), (8 bytes).
    Removing statisticsfunctions.o(.text.arm_var_q15), (84 bytes).
    Removing statisticsfunctions.o(.ARM.exidx.text.arm_var_q15), (8 bytes).
    Removing statisticsfunctions.o(.text.arm_var_q31), (118 bytes).
    Removing statisticsfunctions.o(.ARM.exidx.text.arm_var_q31), (8 bytes).
    Removing supportfunctions.o(.text), (0 bytes).
    Removing supportfunctions.o(.text.arm_barycenter_f32), (136 bytes).
    Removing supportfunctions.o(.ARM.exidx.text.arm_barycenter_f32), (8 bytes).
    Removing supportfunctions.o(.text.arm_bitonic_sort_f32), (82 bytes).
    Removing supportfunctions.o(.ARM.exidx.text.arm_bitonic_sort_f32), (8 bytes).
    Removing supportfunctions.o(.text.arm_bitonic_sort_core_f32), (168 bytes).
    Removing supportfunctions.o(.ARM.exidx.text.arm_bitonic_sort_core_f32), (8 bytes).
    Removing supportfunctions.o(.text.arm_bubble_sort_f32), (106 bytes).
    Removing supportfunctions.o(.ARM.exidx.text.arm_bubble_sort_f32), (8 bytes).
    Removing supportfunctions.o(.text.arm_copy_f32), (26 bytes).
    Removing supportfunctions.o(.ARM.exidx.text.arm_copy_f32), (8 bytes).
    Removing supportfunctions.o(.text.arm_copy_q15), (26 bytes).
    Removing supportfunctions.o(.ARM.exidx.text.arm_copy_q15), (8 bytes).
    Removing supportfunctions.o(.text.arm_copy_q31), (26 bytes).
    Removing supportfunctions.o(.ARM.exidx.text.arm_copy_q31), (8 bytes).
    Removing supportfunctions.o(.text.arm_copy_q7), (26 bytes).
    Removing supportfunctions.o(.ARM.exidx.text.arm_copy_q7), (8 bytes).
    Removing supportfunctions.o(.text.arm_fill_f32), (20 bytes).
    Removing supportfunctions.o(.ARM.exidx.text.arm_fill_f32), (8 bytes).
    Removing supportfunctions.o(.text.arm_fill_q15), (18 bytes).
    Removing supportfunctions.o(.ARM.exidx.text.arm_fill_q15), (8 bytes).
    Removing supportfunctions.o(.text.arm_fill_q31), (18 bytes).
    Removing supportfunctions.o(.ARM.exidx.text.arm_fill_q31), (8 bytes).
    Removing supportfunctions.o(.text.arm_fill_q7), (26 bytes).
    Removing supportfunctions.o(.ARM.exidx.text.arm_fill_q7), (8 bytes).
    Removing supportfunctions.o(.text.arm_heap_sort_f32), (100 bytes).
    Removing supportfunctions.o(.ARM.exidx.text.arm_heap_sort_f32), (8 bytes).
    Removing supportfunctions.o(.text.arm_heapify), (126 bytes).
    Removing supportfunctions.o(.ARM.exidx.text.arm_heapify), (8 bytes).
    Removing supportfunctions.o(.text.arm_insertion_sort_f32), (102 bytes).
    Removing supportfunctions.o(.ARM.exidx.text.arm_insertion_sort_f32), (8 bytes).
    Removing supportfunctions.o(.text.arm_merge_sort_f32), (64 bytes).
    Removing supportfunctions.o(.ARM.exidx.text.arm_merge_sort_f32), (8 bytes).
    Removing supportfunctions.o(.text.arm_merge_sort_core_f32), (86 bytes).
    Removing supportfunctions.o(.ARM.exidx.text.arm_merge_sort_core_f32), (8 bytes).
    Removing supportfunctions.o(.text.arm_merge_sort_init_f32), (6 bytes).
    Removing supportfunctions.o(.ARM.exidx.text.arm_merge_sort_init_f32), (8 bytes).
    Removing supportfunctions.o(.text.arm_quick_sort_f32), (38 bytes).
    Removing supportfunctions.o(.ARM.exidx.text.arm_quick_sort_f32), (8 bytes).
    Removing supportfunctions.o(.text.arm_quick_sort_core_f32), (56 bytes).
    Removing supportfunctions.o(.ARM.exidx.text.arm_quick_sort_core_f32), (8 bytes).
    Removing supportfunctions.o(.text.arm_selection_sort_f32), (158 bytes).
    Removing supportfunctions.o(.ARM.exidx.text.arm_selection_sort_f32), (8 bytes).
    Removing supportfunctions.o(.text.arm_sort_f32), (60 bytes).
    Removing supportfunctions.o(.ARM.exidx.text.arm_sort_f32), (8 bytes).
    Removing supportfunctions.o(.text.arm_sort_init_f32), (6 bytes).
    Removing supportfunctions.o(.ARM.exidx.text.arm_sort_init_f32), (8 bytes).
    Removing supportfunctions.o(.text.arm_spline_f32), (352 bytes).
    Removing supportfunctions.o(.ARM.exidx.text.arm_spline_f32), (8 bytes).
    Removing supportfunctions.o(.text.arm_spline_init_f32), (496 bytes).
    Removing supportfunctions.o(.ARM.exidx.text.arm_spline_init_f32), (8 bytes).
    Removing supportfunctions.o(.text.arm_weighted_sum_f32), (64 bytes).
    Removing supportfunctions.o(.ARM.exidx.text.arm_weighted_sum_f32), (8 bytes).
    Removing supportfunctions.o(.text.arm_float_to_q15), (52 bytes).
    Removing supportfunctions.o(.ARM.exidx.text.arm_float_to_q15), (8 bytes).
    Removing supportfunctions.o(.text.arm_float_to_q31), (76 bytes).
    Removing supportfunctions.o(.ARM.exidx.text.arm_float_to_q31), (8 bytes).
    Removing supportfunctions.o(.text.arm_float_to_q7), (52 bytes).
    Removing supportfunctions.o(.ARM.exidx.text.arm_float_to_q7), (8 bytes).
    Removing supportfunctions.o(.text.arm_q15_to_float), (52 bytes).
    Removing supportfunctions.o(.ARM.exidx.text.arm_q15_to_float), (8 bytes).
    Removing supportfunctions.o(.text.arm_q15_to_q31), (30 bytes).
    Removing supportfunctions.o(.ARM.exidx.text.arm_q15_to_q31), (8 bytes).
    Removing supportfunctions.o(.text.arm_q15_to_q7), (26 bytes).
    Removing supportfunctions.o(.ARM.exidx.text.arm_q15_to_q7), (8 bytes).
    Removing supportfunctions.o(.text.arm_q31_to_float), (52 bytes).
    Removing supportfunctions.o(.ARM.exidx.text.arm_q31_to_float), (8 bytes).
    Removing supportfunctions.o(.text.arm_q31_to_q15), (26 bytes).
    Removing supportfunctions.o(.ARM.exidx.text.arm_q31_to_q15), (8 bytes).
    Removing supportfunctions.o(.text.arm_q31_to_q7), (26 bytes).
    Removing supportfunctions.o(.ARM.exidx.text.arm_q31_to_q7), (8 bytes).
    Removing supportfunctions.o(.text.arm_q7_to_float), (52 bytes).
    Removing supportfunctions.o(.ARM.exidx.text.arm_q7_to_float), (8 bytes).
    Removing supportfunctions.o(.text.arm_q7_to_q15), (30 bytes).
    Removing supportfunctions.o(.ARM.exidx.text.arm_q7_to_q15), (8 bytes).
    Removing supportfunctions.o(.text.arm_q7_to_q31), (30 bytes).
    Removing supportfunctions.o(.ARM.exidx.text.arm_q7_to_q31), (8 bytes).
    Removing supportfunctions.o(.text.topDownMerge), (88 bytes).
    Removing supportfunctions.o(.ARM.exidx.text.topDownMerge), (8 bytes).
    Removing supportfunctions.o(.text.arm_quick_sort_partition_f32), (168 bytes).
    Removing supportfunctions.o(.ARM.exidx.text.arm_quick_sort_partition_f32), (8 bytes).
    Removing transformfunctions.o(.text), (0 bytes).
    Removing transformfunctions.o(.text.arm_bitreversal_f32), (170 bytes).
    Removing transformfunctions.o(.ARM.exidx.text.arm_bitreversal_f32), (8 bytes).
    Removing transformfunctions.o(.text.arm_bitreversal_q31), (162 bytes).
    Removing transformfunctions.o(.ARM.exidx.text.arm_bitreversal_q31), (8 bytes).
    Removing transformfunctions.o(.text.arm_bitreversal_q15), (116 bytes).
    Removing transformfunctions.o(.ARM.exidx.text.arm_bitreversal_q15), (8 bytes).
    Removing transformfunctions.o(.text.arm_bitreversal_64), (142 bytes).
    Removing transformfunctions.o(.ARM.exidx.text.arm_bitreversal_64), (8 bytes).
    Removing transformfunctions.o(.text.arm_bitreversal_32), (72 bytes).
    Removing transformfunctions.o(.ARM.exidx.text.arm_bitreversal_32), (8 bytes).
    Removing transformfunctions.o(.text.arm_bitreversal_16), (82 bytes).
    Removing transformfunctions.o(.ARM.exidx.text.arm_bitreversal_16), (8 bytes).
    Removing transformfunctions.o(.text.arm_cfft_radix8by2_f32), (432 bytes).
    Removing transformfunctions.o(.ARM.exidx.text.arm_cfft_radix8by2_f32), (8 bytes).
    Removing transformfunctions.o(.text.arm_radix8_butterfly_f32), (1458 bytes).
    Removing transformfunctions.o(.ARM.exidx.text.arm_radix8_butterfly_f32), (8 bytes).
    Removing transformfunctions.o(.text.arm_cfft_radix8by4_f32), (1020 bytes).
    Removing transformfunctions.o(.ARM.exidx.text.arm_cfft_radix8by4_f32), (8 bytes).
    Removing transformfunctions.o(.text.arm_cfft_f32), (238 bytes).
    Removing transformfunctions.o(.ARM.exidx.text.arm_cfft_f32), (8 bytes).
    Removing transformfunctions.o(.text.arm_radix4_butterfly_f64), (952 bytes).
    Removing transformfunctions.o(.ARM.exidx.text.arm_radix4_butterfly_f64), (8 bytes).
    Removing transformfunctions.o(.text.arm_cfft_radix4by2_f64), (368 bytes).
    Removing transformfunctions.o(.ARM.exidx.text.arm_cfft_radix4by2_f64), (8 bytes).
    Removing transformfunctions.o(.text.arm_cfft_f64), (384 bytes).
    Removing transformfunctions.o(.ARM.exidx.text.arm_cfft_f64), (8 bytes).
    Removing transformfunctions.o(.text.arm_cfft_q15), (214 bytes).
    Removing transformfunctions.o(.ARM.exidx.text.arm_cfft_q15), (8 bytes).
    Removing transformfunctions.o(.text.arm_radix4_butterfly_inverse_q15), (590 bytes).
    Removing transformfunctions.o(.ARM.exidx.text.arm_radix4_butterfly_inverse_q15), (8 bytes).
    Removing transformfunctions.o(.text.arm_cfft_radix4by2_inverse_q15), (174 bytes).
    Removing transformfunctions.o(.ARM.exidx.text.arm_cfft_radix4by2_inverse_q15), (8 bytes).
    Removing transformfunctions.o(.text.arm_radix4_butterfly_q15), (590 bytes).
    Removing transformfunctions.o(.ARM.exidx.text.arm_radix4_butterfly_q15), (8 bytes).
    Removing transformfunctions.o(.text.arm_cfft_radix4by2_q15), (174 bytes).
    Removing transformfunctions.o(.ARM.exidx.text.arm_cfft_radix4by2_q15), (8 bytes).
    Removing transformfunctions.o(.text.arm_cfft_q31), (214 bytes).
    Removing transformfunctions.o(.ARM.exidx.text.arm_cfft_q31), (8 bytes).
    Removing transformfunctions.o(.text.arm_radix4_butterfly_inverse_q31), (974 bytes).
    Removing transformfunctions.o(.ARM.exidx.text.arm_radix4_butterfly_inverse_q31), (8 bytes).
    Removing transformfunctions.o(.text.arm_cfft_radix4by2_inverse_q31), (224 bytes).
    Removing transformfunctions.o(.ARM.exidx.text.arm_cfft_radix4by2_inverse_q31), (8 bytes).
    Removing transformfunctions.o(.text.arm_radix4_butterfly_q31), (988 bytes).
    Removing transformfunctions.o(.ARM.exidx.text.arm_radix4_butterfly_q31), (8 bytes).
    Removing transformfunctions.o(.text.arm_cfft_radix4by2_q31), (232 bytes).
    Removing transformfunctions.o(.ARM.exidx.text.arm_cfft_radix4by2_q31), (8 bytes).
    Removing transformfunctions.o(.text.arm_cfft_init_f32), (180 bytes).
    Removing transformfunctions.o(.ARM.exidx.text.arm_cfft_init_f32), (8 bytes).
    Removing transformfunctions.o(.text.arm_cfft_init_f64), (180 bytes).
    Removing transformfunctions.o(.ARM.exidx.text.arm_cfft_init_f64), (8 bytes).
    Removing transformfunctions.o(.text.arm_cfft_init_q15), (180 bytes).
    Removing transformfunctions.o(.ARM.exidx.text.arm_cfft_init_q15), (8 bytes).
    Removing transformfunctions.o(.text.arm_cfft_init_q31), (180 bytes).
    Removing transformfunctions.o(.ARM.exidx.text.arm_cfft_init_q31), (8 bytes).
    Removing transformfunctions.o(.text.arm_cfft_radix2_f32), (62 bytes).
    Removing transformfunctions.o(.ARM.exidx.text.arm_cfft_radix2_f32), (8 bytes).
    Removing transformfunctions.o(.text.arm_radix2_butterfly_inverse_f32), (398 bytes).
    Removing transformfunctions.o(.ARM.exidx.text.arm_radix2_butterfly_inverse_f32), (8 bytes).
    Removing transformfunctions.o(.text.arm_radix2_butterfly_f32), (378 bytes).
    Removing transformfunctions.o(.ARM.exidx.text.arm_radix2_butterfly_f32), (8 bytes).
    Removing transformfunctions.o(.text.arm_cfft_radix2_init_f32), (228 bytes).
    Removing transformfunctions.o(.ARM.exidx.text.arm_cfft_radix2_init_f32), (8 bytes).
    Removing transformfunctions.o(.text.arm_cfft_radix2_init_q15), (152 bytes).
    Removing transformfunctions.o(.ARM.exidx.text.arm_cfft_radix2_init_q15), (8 bytes).
    Removing transformfunctions.o(.text.arm_cfft_radix2_init_q31), (152 bytes).
    Removing transformfunctions.o(.ARM.exidx.text.arm_cfft_radix2_init_q31), (8 bytes).
    Removing transformfunctions.o(.text.arm_cfft_radix2_q15), (48 bytes).
    Removing transformfunctions.o(.ARM.exidx.text.arm_cfft_radix2_q15), (8 bytes).
    Removing transformfunctions.o(.text.arm_radix2_butterfly_inverse_q15), (434 bytes).
    Removing transformfunctions.o(.ARM.exidx.text.arm_radix2_butterfly_inverse_q15), (8 bytes).
    Removing transformfunctions.o(.text.arm_radix2_butterfly_q15), (440 bytes).
    Removing transformfunctions.o(.ARM.exidx.text.arm_radix2_butterfly_q15), (8 bytes).
    Removing transformfunctions.o(.text.arm_cfft_radix2_q31), (48 bytes).
    Removing transformfunctions.o(.ARM.exidx.text.arm_cfft_radix2_q31), (8 bytes).
    Removing transformfunctions.o(.text.arm_radix2_butterfly_inverse_q31), (500 bytes).
    Removing transformfunctions.o(.ARM.exidx.text.arm_radix2_butterfly_inverse_q31), (8 bytes).
    Removing transformfunctions.o(.text.arm_radix2_butterfly_q31), (516 bytes).
    Removing transformfunctions.o(.ARM.exidx.text.arm_radix2_butterfly_q31), (8 bytes).
    Removing transformfunctions.o(.text.arm_cfft_radix4_f32), (62 bytes).
    Removing transformfunctions.o(.ARM.exidx.text.arm_cfft_radix4_f32), (8 bytes).
    Removing transformfunctions.o(.text.arm_radix4_butterfly_inverse_f32), (642 bytes).
    Removing transformfunctions.o(.ARM.exidx.text.arm_radix4_butterfly_inverse_f32), (8 bytes).
    Removing transformfunctions.o(.text.arm_radix4_butterfly_f32), (422 bytes).
    Removing transformfunctions.o(.ARM.exidx.text.arm_radix4_butterfly_f32), (8 bytes).
    Removing transformfunctions.o(.text.arm_cfft_radix4_init_f32), (148 bytes).
    Removing transformfunctions.o(.ARM.exidx.text.arm_cfft_radix4_init_f32), (8 bytes).
    Removing transformfunctions.o(.text.arm_cfft_radix4_init_q15), (102 bytes).
    Removing transformfunctions.o(.ARM.exidx.text.arm_cfft_radix4_init_q15), (8 bytes).
    Removing transformfunctions.o(.text.arm_cfft_radix4_init_q31), (102 bytes).
    Removing transformfunctions.o(.ARM.exidx.text.arm_cfft_radix4_init_q31), (8 bytes).
    Removing transformfunctions.o(.text.arm_cfft_radix4_q15), (54 bytes).
    Removing transformfunctions.o(.ARM.exidx.text.arm_cfft_radix4_q15), (8 bytes).
    Removing transformfunctions.o(.text.arm_cfft_radix4_q31), (54 bytes).
    Removing transformfunctions.o(.ARM.exidx.text.arm_cfft_radix4_q31), (8 bytes).
    Removing transformfunctions.o(.text.arm_dct4_f32), (214 bytes).
    Removing transformfunctions.o(.ARM.exidx.text.arm_dct4_f32), (8 bytes).
    Removing transformfunctions.o(.text.arm_rfft_f32), (136 bytes).
    Removing transformfunctions.o(.ARM.exidx.text.arm_rfft_f32), (8 bytes).
    Removing transformfunctions.o(.text.arm_dct4_init_f32), (152 bytes).
    Removing transformfunctions.o(.ARM.exidx.text.arm_dct4_init_f32), (8 bytes).
    Removing transformfunctions.o(.text.arm_rfft_init_f32), (116 bytes).
    Removing transformfunctions.o(.ARM.exidx.text.arm_rfft_init_f32), (8 bytes).
    Removing transformfunctions.o(.text.arm_dct4_init_q15), (142 bytes).
    Removing transformfunctions.o(.ARM.exidx.text.arm_dct4_init_q15), (8 bytes).
    Removing transformfunctions.o(.text.arm_rfft_init_q15), (212 bytes).
    Removing transformfunctions.o(.ARM.exidx.text.arm_rfft_init_q15), (8 bytes).
    Removing transformfunctions.o(.text.arm_dct4_init_q31), (142 bytes).
    Removing transformfunctions.o(.ARM.exidx.text.arm_dct4_init_q31), (8 bytes).
    Removing transformfunctions.o(.text.arm_rfft_init_q31), (212 bytes).
    Removing transformfunctions.o(.ARM.exidx.text.arm_rfft_init_q31), (8 bytes).
    Removing transformfunctions.o(.text.arm_dct4_q15), (198 bytes).
    Removing transformfunctions.o(.ARM.exidx.text.arm_dct4_q15), (8 bytes).
    Removing transformfunctions.o(.text.arm_rfft_q15), (124 bytes).
    Removing transformfunctions.o(.ARM.exidx.text.arm_rfft_q15), (8 bytes).
    Removing transformfunctions.o(.text.arm_dct4_q31), (220 bytes).
    Removing transformfunctions.o(.ARM.exidx.text.arm_dct4_q31), (8 bytes).
    Removing transformfunctions.o(.text.arm_rfft_q31), (122 bytes).
    Removing transformfunctions.o(.ARM.exidx.text.arm_rfft_q31), (8 bytes).
    Removing transformfunctions.o(.text.arm_split_rifft_f32), (140 bytes).
    Removing transformfunctions.o(.ARM.exidx.text.arm_split_rifft_f32), (8 bytes).
    Removing transformfunctions.o(.text.arm_split_rfft_f32), (232 bytes).
    Removing transformfunctions.o(.ARM.exidx.text.arm_split_rfft_f32), (8 bytes).
    Removing transformfunctions.o(.text.stage_rfft_f32), (186 bytes).
    Removing transformfunctions.o(.ARM.exidx.text.stage_rfft_f32), (8 bytes).
    Removing transformfunctions.o(.text.merge_rfft_f32), (178 bytes).
    Removing transformfunctions.o(.ARM.exidx.text.merge_rfft_f32), (8 bytes).
    Removing transformfunctions.o(.text.arm_rfft_fast_f32), (66 bytes).
    Removing transformfunctions.o(.ARM.exidx.text.arm_rfft_fast_f32), (8 bytes).
    Removing transformfunctions.o(.text.stage_rfft_f64), (456 bytes).
    Removing transformfunctions.o(.ARM.exidx.text.stage_rfft_f64), (8 bytes).
    Removing transformfunctions.o(.text.merge_rfft_f64), (432 bytes).
    Removing transformfunctions.o(.ARM.exidx.text.merge_rfft_f64), (8 bytes).
    Removing transformfunctions.o(.text.arm_rfft_fast_f64), (72 bytes).
    Removing transformfunctions.o(.ARM.exidx.text.arm_rfft_fast_f64), (8 bytes).
    Removing transformfunctions.o(.text.arm_rfft_fast_init_f32), (154 bytes).
    Removing transformfunctions.o(.ARM.exidx.text.arm_rfft_fast_init_f32), (8 bytes).
    Removing transformfunctions.o(.text.arm_rfft_4096_fast_init_f32), (48 bytes).
    Removing transformfunctions.o(.ARM.exidx.text.arm_rfft_4096_fast_init_f32), (8 bytes).
    Removing transformfunctions.o(.text.arm_rfft_2048_fast_init_f32), (48 bytes).
    Removing transformfunctions.o(.ARM.exidx.text.arm_rfft_2048_fast_init_f32), (8 bytes).
    Removing transformfunctions.o(.text.arm_rfft_1024_fast_init_f32), (48 bytes).
    Removing transformfunctions.o(.ARM.exidx.text.arm_rfft_1024_fast_init_f32), (8 bytes).
    Removing transformfunctions.o(.text.arm_rfft_512_fast_init_f32), (48 bytes).
    Removing transformfunctions.o(.ARM.exidx.text.arm_rfft_512_fast_init_f32), (8 bytes).
    Removing transformfunctions.o(.text.arm_rfft_256_fast_init_f32), (46 bytes).
    Removing transformfunctions.o(.ARM.exidx.text.arm_rfft_256_fast_init_f32), (8 bytes).
    Removing transformfunctions.o(.text.arm_rfft_128_fast_init_f32), (44 bytes).
    Removing transformfunctions.o(.ARM.exidx.text.arm_rfft_128_fast_init_f32), (8 bytes).
    Removing transformfunctions.o(.text.arm_rfft_64_fast_init_f32), (44 bytes).
    Removing transformfunctions.o(.ARM.exidx.text.arm_rfft_64_fast_init_f32), (8 bytes).
    Removing transformfunctions.o(.text.arm_rfft_32_fast_init_f32), (44 bytes).
    Removing transformfunctions.o(.ARM.exidx.text.arm_rfft_32_fast_init_f32), (8 bytes).
    Removing transformfunctions.o(.text.arm_rfft_fast_init_f64), (154 bytes).
    Removing transformfunctions.o(.ARM.exidx.text.arm_rfft_fast_init_f64), (8 bytes).
    Removing transformfunctions.o(.text.arm_rfft_4096_fast_init_f64), (62 bytes).
    Removing transformfunctions.o(.ARM.exidx.text.arm_rfft_4096_fast_init_f64), (8 bytes).
    Removing transformfunctions.o(.text.arm_rfft_2048_fast_init_f64), (62 bytes).
    Removing transformfunctions.o(.ARM.exidx.text.arm_rfft_2048_fast_init_f64), (8 bytes).
    Removing transformfunctions.o(.text.arm_rfft_1024_fast_init_f64), (62 bytes).
    Removing transformfunctions.o(.ARM.exidx.text.arm_rfft_1024_fast_init_f64), (8 bytes).
    Removing transformfunctions.o(.text.arm_rfft_512_fast_init_f64), (60 bytes).
    Removing transformfunctions.o(.ARM.exidx.text.arm_rfft_512_fast_init_f64), (8 bytes).
    Removing transformfunctions.o(.text.arm_rfft_256_fast_init_f64), (58 bytes).
    Removing transformfunctions.o(.ARM.exidx.text.arm_rfft_256_fast_init_f64), (8 bytes).
    Removing transformfunctions.o(.text.arm_rfft_128_fast_init_f64), (56 bytes).
    Removing transformfunctions.o(.ARM.exidx.text.arm_rfft_128_fast_init_f64), (8 bytes).
    Removing transformfunctions.o(.text.arm_rfft_64_fast_init_f64), (56 bytes).
    Removing transformfunctions.o(.ARM.exidx.text.arm_rfft_64_fast_init_f64), (8 bytes).
    Removing transformfunctions.o(.text.arm_rfft_32_fast_init_f64), (56 bytes).
    Removing transformfunctions.o(.ARM.exidx.text.arm_rfft_32_fast_init_f64), (8 bytes).
    Removing transformfunctions.o(.text.arm_split_rifft_q15), (88 bytes).
    Removing transformfunctions.o(.ARM.exidx.text.arm_split_rifft_q15), (8 bytes).
    Removing transformfunctions.o(.text.arm_split_rfft_q15), (172 bytes).
    Removing transformfunctions.o(.ARM.exidx.text.arm_split_rfft_q15), (8 bytes).
    Removing transformfunctions.o(.text.arm_split_rifft_q31), (136 bytes).
    Removing transformfunctions.o(.ARM.exidx.text.arm_split_rifft_q31), (8 bytes).
    Removing transformfunctions.o(.text.arm_split_rfft_q31), (274 bytes).
    Removing transformfunctions.o(.ARM.exidx.text.arm_split_rfft_q31), (8 bytes).
    Removing system_stm32f4xx.o(.text), (0 bytes).
    Removing system_stm32f4xx.o(.ARM.exidx.text.SystemInit), (8 bytes).
    Removing system_stm32f4xx.o(.text.SystemCoreClockUpdate), (126 bytes).
    Removing system_stm32f4xx.o(.ARM.exidx.text.SystemCoreClockUpdate), (8 bytes).
    Removing system_stm32f4xx.o(.data.SystemCoreClock), (4 bytes).
    Removing system_stm32f4xx.o(.rodata.AHBPrescTable), (16 bytes).
    Removing system_stm32f4xx.o(.rodata.APBPrescTable), (8 bytes).

1010 unused section(s) (total 993382 bytes) removed from the image.

==============================================================================

Image Symbol Table

    Local Symbols

    Symbol Name                              Value     Ov Type        Size  Object(Section)

    ../clib/angel/boardlib.s                 0x00000000   Number         0  boardinit1.o ABSOLUTE
    ../clib/angel/boardlib.s                 0x00000000   Number         0  boardinit2.o ABSOLUTE
    ../clib/angel/boardlib.s                 0x00000000   Number         0  boardinit3.o ABSOLUTE
    ../clib/angel/boardlib.s                 0x00000000   Number         0  boardshut.o ABSOLUTE
    ../clib/angel/handlers.s                 0x00000000   Number         0  __scatter_copy.o ABSOLUTE
    ../clib/angel/handlers.s                 0x00000000   Number         0  __scatter_zi.o ABSOLUTE
    ../clib/angel/kernel.s                   0x00000000   Number         0  __rtentry.o ABSOLUTE
    ../clib/angel/kernel.s                   0x00000000   Number         0  __rtentry2.o ABSOLUTE
    ../clib/angel/kernel.s                   0x00000000   Number         0  __rtentry4.o ABSOLUTE
    ../clib/angel/kernel.s                   0x00000000   Number         0  rtexit.o ABSOLUTE
    ../clib/angel/kernel.s                   0x00000000   Number         0  rtexit2.o ABSOLUTE
    ../clib/angel/rt.s                       0x00000000   Number         0  aeabi_ldiv0.o ABSOLUTE
    ../clib/angel/rt.s                       0x00000000   Number         0  aeabi_ldiv0_sigfpe.o ABSOLUTE
    ../clib/angel/rt.s                       0x00000000   Number         0  rt_div0.o ABSOLUTE
    ../clib/angel/rt.s                       0x00000000   Number         0  rt_errno_addr.o ABSOLUTE
    ../clib/angel/rt.s                       0x00000000   Number         0  rt_errno_addr_intlibspace.o ABSOLUTE
    ../clib/angel/rt.s                       0x00000000   Number         0  rt_raise.o ABSOLUTE
    ../clib/angel/scatter.s                  0x00000000   Number         0  __scatter.o ABSOLUTE
    ../clib/angel/startup.s                  0x00000000   Number         0  __main.o ABSOLUTE
    ../clib/angel/sys.s                      0x00000000   Number         0  libspace.o ABSOLUTE
    ../clib/angel/sys.s                      0x00000000   Number         0  sys_stackheap_outer.o ABSOLUTE
    ../clib/angel/sys.s                      0x00000000   Number         0  use_no_semi.o ABSOLUTE
    ../clib/angel/sys.s                      0x00000000   Number         0  indicate_semi.o ABSOLUTE
    ../clib/angel/sysapp.c                   0x00000000   Number         0  sys_exit.o ABSOLUTE
    ../clib/angel/sysapp.c                   0x00000000   Number         0  sys_exit_hlt.o ABSOLUTE
    ../clib/angel/sysapp.c                   0x00000000   Number         0  sys_wrch.o ABSOLUTE
    ../clib/angel/sysapp.c                   0x00000000   Number         0  sys_wrch_hlt.o ABSOLUTE
    ../clib/angel/sysapp.c                   0x00000000   Number         0  sys_command.o ABSOLUTE
    ../clib/angel/sysapp.c                   0x00000000   Number         0  sys_command_hlt.o ABSOLUTE
    ../clib/armsys.c                         0x00000000   Number         0  argv_veneer.o ABSOLUTE
    ../clib/armsys.c                         0x00000000   Number         0  argv_veneer.o ABSOLUTE
    ../clib/armsys.c                         0x00000000   Number         0  _get_argv_nomalloc.o ABSOLUTE
    ../clib/armsys.c                         0x00000000   Number         0  no_argv.o ABSOLUTE
    ../clib/fenv.c                           0x00000000   Number         0  _rserrno.o ABSOLUTE
    ../clib/heapalloc.c                      0x00000000   Number         0  hrguard.o ABSOLUTE
    ../clib/heapaux.c                        0x00000000   Number         0  heapauxi.o ABSOLUTE
    ../clib/libinit.s                        0x00000000   Number         0  libinit.o ABSOLUTE
    ../clib/libinit.s                        0x00000000   Number         0  libinit2.o ABSOLUTE
    ../clib/libinit.s                        0x00000000   Number         0  libshutdown.o ABSOLUTE
    ../clib/libinit.s                        0x00000000   Number         0  libshutdown2.o ABSOLUTE
    ../clib/longlong.s                       0x00000000   Number         0  lludivv7m.o ABSOLUTE
    ../clib/longlong.s                       0x00000000   Number         0  llsdiv.o ABSOLUTE
    ../clib/memcpset.s                       0x00000000   Number         0  rt_memcpy_w.o ABSOLUTE
    ../clib/memcpset.s                       0x00000000   Number         0  aeabi_memset.o ABSOLUTE
    ../clib/memcpset.s                       0x00000000   Number         0  rt_memclr.o ABSOLUTE
    ../clib/memcpset.s                       0x00000000   Number         0  rt_memclr_w.o ABSOLUTE
    ../clib/signal.c                         0x00000000   Number         0  defsig_fpe_outer.o ABSOLUTE
    ../clib/signal.c                         0x00000000   Number         0  defsig_fpe_formal.o ABSOLUTE
    ../clib/signal.c                         0x00000000   Number         0  defsig_exit.o ABSOLUTE
    ../clib/signal.c                         0x00000000   Number         0  defsig_fpe_inner.o ABSOLUTE
    ../clib/signal.c                         0x00000000   Number         0  __raise.o ABSOLUTE
    ../clib/signal.c                         0x00000000   Number         0  defsig_general.o ABSOLUTE
    ../clib/signal.c                         0x00000000   Number         0  defsig_abrt_inner.o ABSOLUTE
    ../clib/signal.c                         0x00000000   Number         0  defsig_rtred_inner.o ABSOLUTE
    ../clib/signal.c                         0x00000000   Number         0  defsig_rtmem_inner.o ABSOLUTE
    ../clib/signal.c                         0x00000000   Number         0  defsig_rtmem_outer.o ABSOLUTE
    ../clib/signal.c                         0x00000000   Number         0  defsig_rtmem_formal.o ABSOLUTE
    ../clib/signal.c                         0x00000000   Number         0  defsig_stak_inner.o ABSOLUTE
    ../clib/signal.c                         0x00000000   Number         0  defsig_pvfn_inner.o ABSOLUTE
    ../clib/signal.c                         0x00000000   Number         0  defsig_cppl_inner.o ABSOLUTE
    ../clib/signal.c                         0x00000000   Number         0  defsig_segv_inner.o ABSOLUTE
    ../clib/signal.c                         0x00000000   Number         0  defsig_other.o ABSOLUTE
    ../clib/signal.s                         0x00000000   Number         0  defsig.o ABSOLUTE
    ../clib/stdlib.c                         0x00000000   Number         0  exit.o ABSOLUTE
    ../fplib/basic.s                         0x00000000   Number         0  basic.o ABSOLUTE
    ../fplib/d2f.s                           0x00000000   Number         0  d2f.o ABSOLUTE
    ../fplib/daddsub.s                       0x00000000   Number         0  daddsub_clz.o ABSOLUTE
    ../fplib/dcmp.s                          0x00000000   Number         0  dcmp.o ABSOLUTE
    ../fplib/dcmpi.s                         0x00000000   Number         0  dcmpi.o ABSOLUTE
    ../fplib/ddiv.s                          0x00000000   Number         0  ddiv.o ABSOLUTE
    ../fplib/deqf.s                          0x00000000   Number         0  deqf.o ABSOLUTE
    ../fplib/dfix.s                          0x00000000   Number         0  dfix.o ABSOLUTE
    ../fplib/dflt.s                          0x00000000   Number         0  dflt_clz.o ABSOLUTE
    ../fplib/dgeqf.s                         0x00000000   Number         0  dgeqf.o ABSOLUTE
    ../fplib/dleqf.s                         0x00000000   Number         0  dleqf.o ABSOLUTE
    ../fplib/dmul.s                          0x00000000   Number         0  dmul.o ABSOLUTE
    ../fplib/dnaninf.s                       0x00000000   Number         0  dnaninf.o ABSOLUTE
    ../fplib/dretinf.s                       0x00000000   Number         0  dretinf.o ABSOLUTE
    ../fplib/f2d.s                           0x00000000   Number         0  f2d.o ABSOLUTE
    ../fplib/ffixll.s                        0x00000000   Number         0  ffixll.o ABSOLUTE
    ../fplib/fnaninf.s                       0x00000000   Number         0  fnaninf.o ABSOLUTE
    ../fplib/fpinit.s                        0x00000000   Number         0  fpinit.o ABSOLUTE
    ../fplib/fretinf.s                       0x00000000   Number         0  fretinf.o ABSOLUTE
    ../fplib/istatus.s                       0x00000000   Number         0  istatus.o ABSOLUTE
    ../fplib/usenofp.s                       0x00000000   Number         0  usenofp.o ABSOLUTE
    ../mathlib/cos.c                         0x00000000   Number         0  cos.o ABSOLUTE
    ../mathlib/cos.c                         0x00000000   Number         0  cos_x.o ABSOLUTE
    ../mathlib/cos_i.c                       0x00000000   Number         0  cos_i.o ABSOLUTE
    ../mathlib/dunder.c                      0x00000000   Number         0  dunder.o ABSOLUTE
    ../mathlib/expf.c                        0x00000000   Number         0  expf.o ABSOLUTE
    ../mathlib/expf.c                        0x00000000   Number         0  expf_x.o ABSOLUTE
    ../mathlib/fabs.c                        0x00000000   Number         0  fabs.o ABSOLUTE
    ../mathlib/fpclassify.c                  0x00000000   Number         0  fpclassify.o ABSOLUTE
    ../mathlib/fpclassifyf.c                 0x00000000   Number         0  fpclassifyf.o ABSOLUTE
    ../mathlib/funder.c                      0x00000000   Number         0  funder.o ABSOLUTE
    ../mathlib/log.c                         0x00000000   Number         0  log.o ABSOLUTE
    ../mathlib/log.c                         0x00000000   Number         0  log_x.o ABSOLUTE
    ../mathlib/logf.c                        0x00000000   Number         0  logf.o ABSOLUTE
    ../mathlib/logf.c                        0x00000000   Number         0  logf_x.o ABSOLUTE
    ../mathlib/poly.c                        0x00000000   Number         0  poly.o ABSOLUTE
    ../mathlib/powf.c                        0x00000000   Number         0  powf.o ABSOLUTE
    ../mathlib/powf.c                        0x00000000   Number         0  powf_x.o ABSOLUTE
    ../mathlib/qnan.c                        0x00000000   Number         0  qnan.o ABSOLUTE
    ../mathlib/rred.c                        0x00000000   Number         0  rred.o ABSOLUTE
    ../mathlib/sin_i.c                       0x00000000   Number         0  sin_i.o ABSOLUTE
    ../mathlib/sin_i.c                       0x00000000   Number         0  sin_i_x.o ABSOLUTE
    ../mathlib/sqrtf.c                       0x00000000   Number         0  sqrtf.o ABSOLUTE
    ../mathlib/sqrtf.c                       0x00000000   Number         0  sqrtf_x.o ABSOLUTE
    ../mathlib/tanhf.c                       0x00000000   Number         0  tanhf.o ABSOLUTE
    ../mathlib/tanhf.c                       0x00000000   Number         0  tanhf_x.o ABSOLUTE
    BasicMathFunctions.c                     0x00000000   Number         0  basicmathfunctions.o ABSOLUTE
    BayesFunctions.c                         0x00000000   Number         0  bayesfunctions.o ABSOLUTE
    CommonTables.c                           0x00000000   Number         0  commontables.o ABSOLUTE
    ComplexMathFunctions.c                   0x00000000   Number         0  complexmathfunctions.o ABSOLUTE
    ControllerFunctions.c                    0x00000000   Number         0  controllerfunctions.o ABSOLUTE
    DistanceFunctions.c                      0x00000000   Number         0  distancefunctions.o ABSOLUTE
    FastMathFunctions.c                      0x00000000   Number         0  fastmathfunctions.o ABSOLUTE
    FilteringFunctions.c                     0x00000000   Number         0  filteringfunctions.o ABSOLUTE
    MatrixFunctions.c                        0x00000000   Number         0  matrixfunctions.o ABSOLUTE
    RTE/Device/STM32F407VGTx/startup_stm32f407xx.s 0x00000000   Number         0  startup_stm32f407xx.o ABSOLUTE
    SVMFunctions.c                           0x00000000   Number         0  svmfunctions.o ABSOLUTE
    StatisticsFunctions.c                    0x00000000   Number         0  statisticsfunctions.o ABSOLUTE
    SupportFunctions.c                       0x00000000   Number         0  supportfunctions.o ABSOLUTE
    TransformFunctions.c                     0x00000000   Number         0  transformfunctions.o ABSOLUTE
    dc.s                                     0x00000000   Number         0  dc.o ABSOLUTE
    main.c                                   0x00000000   Number         0  main.o ABSOLUTE
    system_stm32f4xx.c                       0x00000000   Number         0  system_stm32f4xx.o ABSOLUTE
    RESET                                    0x08000000   Section      392  startup_stm32f407xx.o(RESET)
    !!!main                                  0x08000188   Section        8  __main.o(!!!main)
    !!!scatter                               0x08000190   Section       52  __scatter.o(!!!scatter)
    !!handler_copy                           0x080001c4   Section       26  __scatter_copy.o(!!handler_copy)
    !!handler_zi                             0x080001e0   Section       28  __scatter_zi.o(!!handler_zi)
    .ARM.Collect$$libinit$$00000000          0x080001fc   Section        2  libinit.o(.ARM.Collect$$libinit$$00000000)
    .ARM.Collect$$libinit$$00000001          0x080001fe   Section        4  libinit2.o(.ARM.Collect$$libinit$$00000001)
    .ARM.Collect$$libinit$$00000004          0x08000202   Section        0  libinit2.o(.ARM.Collect$$libinit$$00000004)
    .ARM.Collect$$libinit$$0000000A          0x08000202   Section        0  libinit2.o(.ARM.Collect$$libinit$$0000000A)
    .ARM.Collect$$libinit$$0000000C          0x08000202   Section        0  libinit2.o(.ARM.Collect$$libinit$$0000000C)
    .ARM.Collect$$libinit$$0000000E          0x08000202   Section        0  libinit2.o(.ARM.Collect$$libinit$$0000000E)
    .ARM.Collect$$libinit$$00000011          0x08000202   Section        0  libinit2.o(.ARM.Collect$$libinit$$00000011)
    .ARM.Collect$$libinit$$00000013          0x08000202   Section        0  libinit2.o(.ARM.Collect$$libinit$$00000013)
    .ARM.Collect$$libinit$$00000015          0x08000202   Section        0  libinit2.o(.ARM.Collect$$libinit$$00000015)
    .ARM.Collect$$libinit$$00000017          0x08000202   Section        0  libinit2.o(.ARM.Collect$$libinit$$00000017)
    .ARM.Collect$$libinit$$00000019          0x08000202   Section        0  libinit2.o(.ARM.Collect$$libinit$$00000019)
    .ARM.Collect$$libinit$$0000001B          0x08000202   Section        0  libinit2.o(.ARM.Collect$$libinit$$0000001B)
    .ARM.Collect$$libinit$$0000001D          0x08000202   Section        0  libinit2.o(.ARM.Collect$$libinit$$0000001D)
    .ARM.Collect$$libinit$$0000001F          0x08000202   Section        0  libinit2.o(.ARM.Collect$$libinit$$0000001F)
    .ARM.Collect$$libinit$$00000021          0x08000202   Section        0  libinit2.o(.ARM.Collect$$libinit$$00000021)
    .ARM.Collect$$libinit$$00000023          0x08000202   Section        0  libinit2.o(.ARM.Collect$$libinit$$00000023)
    .ARM.Collect$$libinit$$00000025          0x08000202   Section        0  libinit2.o(.ARM.Collect$$libinit$$00000025)
    .ARM.Collect$$libinit$$0000002C          0x08000202   Section        0  libinit2.o(.ARM.Collect$$libinit$$0000002C)
    .ARM.Collect$$libinit$$0000002E          0x08000202   Section        0  libinit2.o(.ARM.Collect$$libinit$$0000002E)
    .ARM.Collect$$libinit$$00000030          0x08000202   Section        0  libinit2.o(.ARM.Collect$$libinit$$00000030)
    .ARM.Collect$$libinit$$00000032          0x08000202   Section        0  libinit2.o(.ARM.Collect$$libinit$$00000032)
    .ARM.Collect$$libinit$$00000033          0x08000202   Section        2  libinit2.o(.ARM.Collect$$libinit$$00000033)
    .ARM.Collect$$libshutdown$$00000000      0x08000204   Section        2  libshutdown.o(.ARM.Collect$$libshutdown$$00000000)
    .ARM.Collect$$libshutdown$$00000002      0x08000206   Section        0  libshutdown2.o(.ARM.Collect$$libshutdown$$00000002)
    .ARM.Collect$$libshutdown$$00000004      0x08000206   Section        0  libshutdown2.o(.ARM.Collect$$libshutdown$$00000004)
    .ARM.Collect$$libshutdown$$00000007      0x08000206   Section        0  libshutdown2.o(.ARM.Collect$$libshutdown$$00000007)
    .ARM.Collect$$libshutdown$$0000000A      0x08000206   Section        0  libshutdown2.o(.ARM.Collect$$libshutdown$$0000000A)
    .ARM.Collect$$libshutdown$$0000000C      0x08000206   Section        0  libshutdown2.o(.ARM.Collect$$libshutdown$$0000000C)
    .ARM.Collect$$libshutdown$$0000000F      0x08000206   Section        0  libshutdown2.o(.ARM.Collect$$libshutdown$$0000000F)
    .ARM.Collect$$libshutdown$$00000010      0x08000206   Section        2  libshutdown2.o(.ARM.Collect$$libshutdown$$00000010)
    .ARM.Collect$$rtentry$$00000000          0x08000208   Section        0  __rtentry.o(.ARM.Collect$$rtentry$$00000000)
    .ARM.Collect$$rtentry$$00000002          0x08000208   Section        0  __rtentry2.o(.ARM.Collect$$rtentry$$00000002)
    .ARM.Collect$$rtentry$$00000004          0x08000208   Section        6  __rtentry4.o(.ARM.Collect$$rtentry$$00000004)
    .ARM.Collect$$rtentry$$00000009          0x0800020e   Section        0  __rtentry2.o(.ARM.Collect$$rtentry$$00000009)
    .ARM.Collect$$rtentry$$0000000A          0x0800020e   Section        4  __rtentry2.o(.ARM.Collect$$rtentry$$0000000A)
    .ARM.Collect$$rtentry$$0000000C          0x08000212   Section        0  __rtentry2.o(.ARM.Collect$$rtentry$$0000000C)
    .ARM.Collect$$rtentry$$0000000D          0x08000212   Section        8  __rtentry2.o(.ARM.Collect$$rtentry$$0000000D)
    .ARM.Collect$$rtexit$$00000000           0x0800021a   Section        2  rtexit.o(.ARM.Collect$$rtexit$$00000000)
    .ARM.Collect$$rtexit$$00000002           0x0800021c   Section        0  rtexit2.o(.ARM.Collect$$rtexit$$00000002)
    .ARM.Collect$$rtexit$$00000003           0x0800021c   Section        4  rtexit2.o(.ARM.Collect$$rtexit$$00000003)
    .ARM.Collect$$rtexit$$00000004           0x08000220   Section        6  rtexit2.o(.ARM.Collect$$rtexit$$00000004)
    $v0                                      0x08000228   Number         0  startup_stm32f407xx.o(.text)
    .text                                    0x08000228   Section       64  startup_stm32f407xx.o(.text)
    .text                                    0x08000268   Section        0  heapauxi.o(.text)
    .text                                    0x0800026e   Section        0  _rserrno.o(.text)
    .text                                    0x08000284   Section        8  rt_errno_addr_intlibspace.o(.text)
    .text                                    0x0800028c   Section        8  libspace.o(.text)
    .text                                    0x08000294   Section       74  sys_stackheap_outer.o(.text)
    .text                                    0x080002de   Section        0  exit.o(.text)
    .text                                    0x080002f0   Section        0  sys_exit.o(.text)
    .text                                    0x080002fc   Section        2  use_no_semi.o(.text)
    .text                                    0x080002fe   Section        0  indicate_semi.o(.text)
    [Anonymous Symbol]                       0x08000300   Section        0  system_stm32f4xx.o(.text.SystemInit)
    [Anonymous Symbol]                       0x08000358   Section        0  main.o(.text.main)
    i.__ARM_fpclassify                       0x080003ea   Section        0  fpclassify.o(i.__ARM_fpclassify)
    i.__hardfp_cos                           0x08000420   Section        0  cos.o(i.__hardfp_cos)
    i.__ieee754_rem_pio2                     0x080004e8   Section        0  rred.o(i.__ieee754_rem_pio2)
    i.__kernel_cos                           0x08000920   Section        0  cos_i.o(i.__kernel_cos)
    i.__kernel_poly                          0x08000a90   Section        0  poly.o(i.__kernel_poly)
    i.__kernel_sin                           0x08000b88   Section        0  sin_i.o(i.__kernel_sin)
    i.__mathlib_dbl_infnan                   0x08000cb8   Section        0  dunder.o(i.__mathlib_dbl_infnan)
    i.__mathlib_dbl_invalid                  0x08000cd0   Section        0  dunder.o(i.__mathlib_dbl_invalid)
    i.__mathlib_dbl_underflow                0x08000cf0   Section        0  dunder.o(i.__mathlib_dbl_underflow)
    i.fabs                                   0x08000d10   Section        0  fabs.o(i.fabs)
    $v0                                      0x08000d28   Number         0  basic.o(x$fpl$basic)
    x$fpl$basic                              0x08000d28   Section       24  basic.o(x$fpl$basic)
    $v0                                      0x08000d40   Number         0  d2f.o(x$fpl$d2f)
    x$fpl$d2f                                0x08000d40   Section       98  d2f.o(x$fpl$d2f)
    $v0                                      0x08000da4   Number         0  daddsub_clz.o(x$fpl$dadd)
    x$fpl$dadd                               0x08000da4   Section      336  daddsub_clz.o(x$fpl$dadd)
    _dadd1                                   0x08000db5   Thumb Code     0  daddsub_clz.o(x$fpl$dadd)
    $v0                                      0x08000ef4   Number         0  ddiv.o(x$fpl$ddiv)
    x$fpl$ddiv                               0x08000ef4   Section      688  ddiv.o(x$fpl$ddiv)
    ddiv_entry                               0x08000efb   Thumb Code     0  ddiv.o(x$fpl$ddiv)
    $v0                                      0x080011a4   Number         0  dfix.o(x$fpl$dfix)
    x$fpl$dfix                               0x080011a4   Section       94  dfix.o(x$fpl$dfix)
    $v0                                      0x08001202   Number         0  dflt_clz.o(x$fpl$dflt)
    x$fpl$dflt                               0x08001202   Section       46  dflt_clz.o(x$fpl$dflt)
    $v0                                      0x08001230   Number         0  dflt_clz.o(x$fpl$dfltu)
    x$fpl$dfltu                              0x08001230   Section       38  dflt_clz.o(x$fpl$dfltu)
    $v0                                      0x08001258   Number         0  dmul.o(x$fpl$dmul)
    x$fpl$dmul                               0x08001258   Section      340  dmul.o(x$fpl$dmul)
    $v0                                      0x080013ac   Number         0  dnaninf.o(x$fpl$dnaninf)
    x$fpl$dnaninf                            0x080013ac   Section      156  dnaninf.o(x$fpl$dnaninf)
    $v0                                      0x08001448   Number         0  dretinf.o(x$fpl$dretinf)
    x$fpl$dretinf                            0x08001448   Section       12  dretinf.o(x$fpl$dretinf)
    $v0                                      0x08001454   Number         0  daddsub_clz.o(x$fpl$drsb)
    x$fpl$drsb                               0x08001454   Section       22  daddsub_clz.o(x$fpl$drsb)
    $v0                                      0x0800146c   Number         0  daddsub_clz.o(x$fpl$dsub)
    x$fpl$dsub                               0x0800146c   Section      468  daddsub_clz.o(x$fpl$dsub)
    _dsub1                                   0x0800147d   Thumb Code     0  daddsub_clz.o(x$fpl$dsub)
    $v0                                      0x08001640   Number         0  f2d.o(x$fpl$f2d)
    x$fpl$f2d                                0x08001640   Section       86  f2d.o(x$fpl$f2d)
    $v0                                      0x08001696   Number         0  fnaninf.o(x$fpl$fnaninf)
    x$fpl$fnaninf                            0x08001696   Section      140  fnaninf.o(x$fpl$fnaninf)
    $v0                                      0x08001722   Number         0  fpinit.o(x$fpl$fpinit)
    x$fpl$fpinit                             0x08001722   Section       26  fpinit.o(x$fpl$fpinit)
    $v0                                      0x0800173c   Number         0  fretinf.o(x$fpl$fretinf)
    x$fpl$fretinf                            0x0800173c   Section       10  fretinf.o(x$fpl$fretinf)
    x$fpl$usenofp                            0x08001746   Section        0  usenofp.o(x$fpl$usenofp)
    C                                        0x08001748   Data          48  cos_i.o(.constdata)
    .constdata                               0x08001748   Section       48  cos_i.o(.constdata)
    pio2s                                    0x08001778   Data          48  rred.o(.constdata)
    .constdata                               0x08001778   Section      204  rred.o(.constdata)
    twooverpi                                0x080017a8   Data         156  rred.o(.constdata)
    S                                        0x08001848   Data          40  sin_i.o(.constdata)
    .constdata                               0x08001848   Section       40  sin_i.o(.constdata)
    .bss                                     0x20000008   Section       96  libspace.o(.bss)
    Heap_Mem                                 0x200006b0   Data         512  startup_stm32f407xx.o(HEAP)
    HEAP                                     0x200006b0   Section      512  startup_stm32f407xx.o(HEAP)
    Stack_Mem                                0x200008b0   Data        1024  startup_stm32f407xx.o(STACK)
    STACK                                    0x200008b0   Section     1024  startup_stm32f407xx.o(STACK)
    __initial_sp                             0x20000cb0   Data           0  startup_stm32f407xx.o(STACK)

    Global Symbols

    Symbol Name                              Value     Ov Type        Size  Object(Section)

    BuildAttributes$$THM_ISAv4$E$P$D$K$B$S$7EM$VFPi3$EXTD16$VFPS$VFMA$PE$A:L22UL41UL21$X:L11$S22US41US21$IEEE1$IW$~IW$USESV6$~STKCKD$USESV7$~SHL$OTIME$ROPI$IEEEX$EBA8$UX$STANDARDLIB$REQ8$PRES8$EABIv2 0x00000000   Number         0  anon$$obj.o ABSOLUTE
    __ARM_exceptions_init                     - Undefined Weak Reference
    __alloca_initialize                       - Undefined Weak Reference
    __arm_preinit_                            - Undefined Weak Reference
    __cpp_initialize__aeabi_                  - Undefined Weak Reference
    __cxa_finalize                            - Undefined Weak Reference
    __rt_locale                               - Undefined Weak Reference
    __sigvec_lookup                           - Undefined Weak Reference
    _atexit_init                              - Undefined Weak Reference
    _call_atexit_fns                          - Undefined Weak Reference
    _clock_init                               - Undefined Weak Reference
    _fp_trap_init                             - Undefined Weak Reference
    _fp_trap_shutdown                         - Undefined Weak Reference
    _get_lc_collate                           - Undefined Weak Reference
    _get_lc_ctype                             - Undefined Weak Reference
    _get_lc_monetary                          - Undefined Weak Reference
    _get_lc_numeric                           - Undefined Weak Reference
    _get_lc_time                              - Undefined Weak Reference
    _getenv_init                              - Undefined Weak Reference
    _handle_redirection                       - Undefined Weak Reference
    _init_alloc                               - Undefined Weak Reference
    _init_user_alloc                          - Undefined Weak Reference
    _initio                                   - Undefined Weak Reference
    _rand_init                                - Undefined Weak Reference
    _signal_finish                            - Undefined Weak Reference
    _signal_init                              - Undefined Weak Reference
    _terminate_alloc                          - Undefined Weak Reference
    _terminate_user_alloc                     - Undefined Weak Reference
    _terminateio                              - Undefined Weak Reference
    __Vectors_Size                           0x00000188   Number         0  startup_stm32f407xx.o ABSOLUTE
    __Vectors                                0x08000000   Data           4  startup_stm32f407xx.o(RESET)
    __Vectors_End                            0x08000188   Data           0  startup_stm32f407xx.o(RESET)
    __main                                   0x08000189   Thumb Code     8  __main.o(!!!main)
    __scatterload                            0x08000191   Thumb Code     0  __scatter.o(!!!scatter)
    __scatterload_rt2                        0x08000191   Thumb Code    44  __scatter.o(!!!scatter)
    __scatterload_rt2_thumb_only             0x08000191   Thumb Code     0  __scatter.o(!!!scatter)
    __scatterload_null                       0x0800019f   Thumb Code     0  __scatter.o(!!!scatter)
    __scatterload_copy                       0x080001c5   Thumb Code    26  __scatter_copy.o(!!handler_copy)
    __scatterload_zeroinit                   0x080001e1   Thumb Code    28  __scatter_zi.o(!!handler_zi)
    __rt_lib_init                            0x080001fd   Thumb Code     0  libinit.o(.ARM.Collect$$libinit$$00000000)
    __rt_lib_init_fp_1                       0x080001ff   Thumb Code     0  libinit2.o(.ARM.Collect$$libinit$$00000001)
    __rt_lib_init_alloca_1                   0x08000203   Thumb Code     0  libinit2.o(.ARM.Collect$$libinit$$0000002E)
    __rt_lib_init_argv_1                     0x08000203   Thumb Code     0  libinit2.o(.ARM.Collect$$libinit$$0000002C)
    __rt_lib_init_atexit_1                   0x08000203   Thumb Code     0  libinit2.o(.ARM.Collect$$libinit$$0000001B)
    __rt_lib_init_clock_1                    0x08000203   Thumb Code     0  libinit2.o(.ARM.Collect$$libinit$$00000021)
    __rt_lib_init_cpp_1                      0x08000203   Thumb Code     0  libinit2.o(.ARM.Collect$$libinit$$00000032)
    __rt_lib_init_exceptions_1               0x08000203   Thumb Code     0  libinit2.o(.ARM.Collect$$libinit$$00000030)
    __rt_lib_init_fp_trap_1                  0x08000203   Thumb Code     0  libinit2.o(.ARM.Collect$$libinit$$0000001F)
    __rt_lib_init_getenv_1                   0x08000203   Thumb Code     0  libinit2.o(.ARM.Collect$$libinit$$00000023)
    __rt_lib_init_heap_1                     0x08000203   Thumb Code     0  libinit2.o(.ARM.Collect$$libinit$$0000000A)
    __rt_lib_init_lc_collate_1               0x08000203   Thumb Code     0  libinit2.o(.ARM.Collect$$libinit$$00000011)
    __rt_lib_init_lc_ctype_1                 0x08000203   Thumb Code     0  libinit2.o(.ARM.Collect$$libinit$$00000013)
    __rt_lib_init_lc_monetary_1              0x08000203   Thumb Code     0  libinit2.o(.ARM.Collect$$libinit$$00000015)
    __rt_lib_init_lc_numeric_1               0x08000203   Thumb Code     0  libinit2.o(.ARM.Collect$$libinit$$00000017)
    __rt_lib_init_lc_time_1                  0x08000203   Thumb Code     0  libinit2.o(.ARM.Collect$$libinit$$00000019)
    __rt_lib_init_preinit_1                  0x08000203   Thumb Code     0  libinit2.o(.ARM.Collect$$libinit$$00000004)
    __rt_lib_init_rand_1                     0x08000203   Thumb Code     0  libinit2.o(.ARM.Collect$$libinit$$0000000E)
    __rt_lib_init_return                     0x08000203   Thumb Code     0  libinit2.o(.ARM.Collect$$libinit$$00000033)
    __rt_lib_init_signal_1                   0x08000203   Thumb Code     0  libinit2.o(.ARM.Collect$$libinit$$0000001D)
    __rt_lib_init_stdio_1                    0x08000203   Thumb Code     0  libinit2.o(.ARM.Collect$$libinit$$00000025)
    __rt_lib_init_user_alloc_1               0x08000203   Thumb Code     0  libinit2.o(.ARM.Collect$$libinit$$0000000C)
    __rt_lib_shutdown                        0x08000205   Thumb Code     0  libshutdown.o(.ARM.Collect$$libshutdown$$00000000)
    __rt_lib_shutdown_cpp_1                  0x08000207   Thumb Code     0  libshutdown2.o(.ARM.Collect$$libshutdown$$00000002)
    __rt_lib_shutdown_fp_trap_1              0x08000207   Thumb Code     0  libshutdown2.o(.ARM.Collect$$libshutdown$$00000007)
    __rt_lib_shutdown_heap_1                 0x08000207   Thumb Code     0  libshutdown2.o(.ARM.Collect$$libshutdown$$0000000F)
    __rt_lib_shutdown_return                 0x08000207   Thumb Code     0  libshutdown2.o(.ARM.Collect$$libshutdown$$00000010)
    __rt_lib_shutdown_signal_1               0x08000207   Thumb Code     0  libshutdown2.o(.ARM.Collect$$libshutdown$$0000000A)
    __rt_lib_shutdown_stdio_1                0x08000207   Thumb Code     0  libshutdown2.o(.ARM.Collect$$libshutdown$$00000004)
    __rt_lib_shutdown_user_alloc_1           0x08000207   Thumb Code     0  libshutdown2.o(.ARM.Collect$$libshutdown$$0000000C)
    __rt_entry                               0x08000209   Thumb Code     0  __rtentry.o(.ARM.Collect$$rtentry$$00000000)
    __rt_entry_presh_1                       0x08000209   Thumb Code     0  __rtentry2.o(.ARM.Collect$$rtentry$$00000002)
    __rt_entry_sh                            0x08000209   Thumb Code     0  __rtentry4.o(.ARM.Collect$$rtentry$$00000004)
    __rt_entry_li                            0x0800020f   Thumb Code     0  __rtentry2.o(.ARM.Collect$$rtentry$$0000000A)
    __rt_entry_postsh_1                      0x0800020f   Thumb Code     0  __rtentry2.o(.ARM.Collect$$rtentry$$00000009)
    __rt_entry_main                          0x08000213   Thumb Code     0  __rtentry2.o(.ARM.Collect$$rtentry$$0000000D)
    __rt_entry_postli_1                      0x08000213   Thumb Code     0  __rtentry2.o(.ARM.Collect$$rtentry$$0000000C)
    __rt_exit                                0x0800021b   Thumb Code     0  rtexit.o(.ARM.Collect$$rtexit$$00000000)
    __rt_exit_ls                             0x0800021d   Thumb Code     0  rtexit2.o(.ARM.Collect$$rtexit$$00000003)
    __rt_exit_prels_1                        0x0800021d   Thumb Code     0  rtexit2.o(.ARM.Collect$$rtexit$$00000002)
    __rt_exit_exit                           0x08000221   Thumb Code     0  rtexit2.o(.ARM.Collect$$rtexit$$00000004)
    Reset_Handler                            0x08000229   Thumb Code     8  startup_stm32f407xx.o(.text)
    NMI_Handler                              0x08000231   Thumb Code     2  startup_stm32f407xx.o(.text)
    HardFault_Handler                        0x08000233   Thumb Code     2  startup_stm32f407xx.o(.text)
    MemManage_Handler                        0x08000235   Thumb Code     2  startup_stm32f407xx.o(.text)
    BusFault_Handler                         0x08000237   Thumb Code     2  startup_stm32f407xx.o(.text)
    UsageFault_Handler                       0x08000239   Thumb Code     2  startup_stm32f407xx.o(.text)
    SVC_Handler                              0x0800023b   Thumb Code     2  startup_stm32f407xx.o(.text)
    DebugMon_Handler                         0x0800023d   Thumb Code     2  startup_stm32f407xx.o(.text)
    PendSV_Handler                           0x0800023f   Thumb Code     2  startup_stm32f407xx.o(.text)
    SysTick_Handler                          0x08000241   Thumb Code     2  startup_stm32f407xx.o(.text)
    ADC_IRQHandler                           0x08000243   Thumb Code     0  startup_stm32f407xx.o(.text)
    CAN1_RX0_IRQHandler                      0x08000243   Thumb Code     0  startup_stm32f407xx.o(.text)
    CAN1_RX1_IRQHandler                      0x08000243   Thumb Code     0  startup_stm32f407xx.o(.text)
    CAN1_SCE_IRQHandler                      0x08000243   Thumb Code     0  startup_stm32f407xx.o(.text)
    CAN1_TX_IRQHandler                       0x08000243   Thumb Code     0  startup_stm32f407xx.o(.text)
    CAN2_RX0_IRQHandler                      0x08000243   Thumb Code     0  startup_stm32f407xx.o(.text)
    CAN2_RX1_IRQHandler                      0x08000243   Thumb Code     0  startup_stm32f407xx.o(.text)
    CAN2_SCE_IRQHandler                      0x08000243   Thumb Code     0  startup_stm32f407xx.o(.text)
    CAN2_TX_IRQHandler                       0x08000243   Thumb Code     0  startup_stm32f407xx.o(.text)
    DCMI_IRQHandler                          0x08000243   Thumb Code     0  startup_stm32f407xx.o(.text)
    DMA1_Stream0_IRQHandler                  0x08000243   Thumb Code     0  startup_stm32f407xx.o(.text)
    DMA1_Stream1_IRQHandler                  0x08000243   Thumb Code     0  startup_stm32f407xx.o(.text)
    DMA1_Stream2_IRQHandler                  0x08000243   Thumb Code     0  startup_stm32f407xx.o(.text)
    DMA1_Stream3_IRQHandler                  0x08000243   Thumb Code     0  startup_stm32f407xx.o(.text)
    DMA1_Stream4_IRQHandler                  0x08000243   Thumb Code     0  startup_stm32f407xx.o(.text)
    DMA1_Stream5_IRQHandler                  0x08000243   Thumb Code     0  startup_stm32f407xx.o(.text)
    DMA1_Stream6_IRQHandler                  0x08000243   Thumb Code     0  startup_stm32f407xx.o(.text)
    DMA1_Stream7_IRQHandler                  0x08000243   Thumb Code     0  startup_stm32f407xx.o(.text)
    DMA2_Stream0_IRQHandler                  0x08000243   Thumb Code     0  startup_stm32f407xx.o(.text)
    DMA2_Stream1_IRQHandler                  0x08000243   Thumb Code     0  startup_stm32f407xx.o(.text)
    DMA2_Stream2_IRQHandler                  0x08000243   Thumb Code     0  startup_stm32f407xx.o(.text)
    DMA2_Stream3_IRQHandler                  0x08000243   Thumb Code     0  startup_stm32f407xx.o(.text)
    DMA2_Stream4_IRQHandler                  0x08000243   Thumb Code     0  startup_stm32f407xx.o(.text)
    DMA2_Stream5_IRQHandler                  0x08000243   Thumb Code     0  startup_stm32f407xx.o(.text)
    DMA2_Stream6_IRQHandler                  0x08000243   Thumb Code     0  startup_stm32f407xx.o(.text)
    DMA2_Stream7_IRQHandler                  0x08000243   Thumb Code     0  startup_stm32f407xx.o(.text)
    ETH_IRQHandler                           0x08000243   Thumb Code     0  startup_stm32f407xx.o(.text)
    ETH_WKUP_IRQHandler                      0x08000243   Thumb Code     0  startup_stm32f407xx.o(.text)
    EXTI0_IRQHandler                         0x08000243   Thumb Code     0  startup_stm32f407xx.o(.text)
    EXTI15_10_IRQHandler                     0x08000243   Thumb Code     0  startup_stm32f407xx.o(.text)
    EXTI1_IRQHandler                         0x08000243   Thumb Code     0  startup_stm32f407xx.o(.text)
    EXTI2_IRQHandler                         0x08000243   Thumb Code     0  startup_stm32f407xx.o(.text)
    EXTI3_IRQHandler                         0x08000243   Thumb Code     0  startup_stm32f407xx.o(.text)
    EXTI4_IRQHandler                         0x08000243   Thumb Code     0  startup_stm32f407xx.o(.text)
    EXTI9_5_IRQHandler                       0x08000243   Thumb Code     0  startup_stm32f407xx.o(.text)
    FLASH_IRQHandler                         0x08000243   Thumb Code     0  startup_stm32f407xx.o(.text)
    FMC_IRQHandler                           0x08000243   Thumb Code     0  startup_stm32f407xx.o(.text)
    FPU_IRQHandler                           0x08000243   Thumb Code     0  startup_stm32f407xx.o(.text)
    HASH_RNG_IRQHandler                      0x08000243   Thumb Code     0  startup_stm32f407xx.o(.text)
    I2C1_ER_IRQHandler                       0x08000243   Thumb Code     0  startup_stm32f407xx.o(.text)
    I2C1_EV_IRQHandler                       0x08000243   Thumb Code     0  startup_stm32f407xx.o(.text)
    I2C2_ER_IRQHandler                       0x08000243   Thumb Code     0  startup_stm32f407xx.o(.text)
    I2C2_EV_IRQHandler                       0x08000243   Thumb Code     0  startup_stm32f407xx.o(.text)
    I2C3_ER_IRQHandler                       0x08000243   Thumb Code     0  startup_stm32f407xx.o(.text)
    I2C3_EV_IRQHandler                       0x08000243   Thumb Code     0  startup_stm32f407xx.o(.text)
    OTG_FS_IRQHandler                        0x08000243   Thumb Code     0  startup_stm32f407xx.o(.text)
    OTG_FS_WKUP_IRQHandler                   0x08000243   Thumb Code     0  startup_stm32f407xx.o(.text)
    OTG_HS_EP1_IN_IRQHandler                 0x08000243   Thumb Code     0  startup_stm32f407xx.o(.text)
    OTG_HS_EP1_OUT_IRQHandler                0x08000243   Thumb Code     0  startup_stm32f407xx.o(.text)
    OTG_HS_IRQHandler                        0x08000243   Thumb Code     0  startup_stm32f407xx.o(.text)
    OTG_HS_WKUP_IRQHandler                   0x08000243   Thumb Code     0  startup_stm32f407xx.o(.text)
    PVD_IRQHandler                           0x08000243   Thumb Code     0  startup_stm32f407xx.o(.text)
    RCC_IRQHandler                           0x08000243   Thumb Code     0  startup_stm32f407xx.o(.text)
    RTC_Alarm_IRQHandler                     0x08000243   Thumb Code     0  startup_stm32f407xx.o(.text)
    RTC_WKUP_IRQHandler                      0x08000243   Thumb Code     0  startup_stm32f407xx.o(.text)
    SDIO_IRQHandler                          0x08000243   Thumb Code     0  startup_stm32f407xx.o(.text)
    SPI1_IRQHandler                          0x08000243   Thumb Code     0  startup_stm32f407xx.o(.text)
    SPI2_IRQHandler                          0x08000243   Thumb Code     0  startup_stm32f407xx.o(.text)
    SPI3_IRQHandler                          0x08000243   Thumb Code     0  startup_stm32f407xx.o(.text)
    TAMP_STAMP_IRQHandler                    0x08000243   Thumb Code     0  startup_stm32f407xx.o(.text)
    TIM1_BRK_TIM9_IRQHandler                 0x08000243   Thumb Code     0  startup_stm32f407xx.o(.text)
    TIM1_CC_IRQHandler                       0x08000243   Thumb Code     0  startup_stm32f407xx.o(.text)
    TIM1_TRG_COM_TIM11_IRQHandler            0x08000243   Thumb Code     0  startup_stm32f407xx.o(.text)
    TIM1_UP_TIM10_IRQHandler                 0x08000243   Thumb Code     0  startup_stm32f407xx.o(.text)
    TIM2_IRQHandler                          0x08000243   Thumb Code     0  startup_stm32f407xx.o(.text)
    TIM3_IRQHandler                          0x08000243   Thumb Code     0  startup_stm32f407xx.o(.text)
    TIM4_IRQHandler                          0x08000243   Thumb Code     0  startup_stm32f407xx.o(.text)
    TIM5_IRQHandler                          0x08000243   Thumb Code     0  startup_stm32f407xx.o(.text)
    TIM6_DAC_IRQHandler                      0x08000243   Thumb Code     0  startup_stm32f407xx.o(.text)
    TIM7_IRQHandler                          0x08000243   Thumb Code     0  startup_stm32f407xx.o(.text)
    TIM8_BRK_TIM12_IRQHandler                0x08000243   Thumb Code     0  startup_stm32f407xx.o(.text)
    TIM8_CC_IRQHandler                       0x08000243   Thumb Code     0  startup_stm32f407xx.o(.text)
    TIM8_TRG_COM_TIM14_IRQHandler            0x08000243   Thumb Code     0  startup_stm32f407xx.o(.text)
    TIM8_UP_TIM13_IRQHandler                 0x08000243   Thumb Code     0  startup_stm32f407xx.o(.text)
    UART4_IRQHandler                         0x08000243   Thumb Code     0  startup_stm32f407xx.o(.text)
    UART5_IRQHandler                         0x08000243   Thumb Code     0  startup_stm32f407xx.o(.text)
    USART1_IRQHandler                        0x08000243   Thumb Code     0  startup_stm32f407xx.o(.text)
    USART2_IRQHandler                        0x08000243   Thumb Code     0  startup_stm32f407xx.o(.text)
    USART3_IRQHandler                        0x08000243   Thumb Code     0  startup_stm32f407xx.o(.text)
    USART6_IRQHandler                        0x08000243   Thumb Code     0  startup_stm32f407xx.o(.text)
    WWDG_IRQHandler                          0x08000243   Thumb Code     0  startup_stm32f407xx.o(.text)
    __user_initial_stackheap                 0x08000245   Thumb Code     0  startup_stm32f407xx.o(.text)
    __use_two_region_memory                  0x08000269   Thumb Code     2  heapauxi.o(.text)
    __rt_heap_escrow$2region                 0x0800026b   Thumb Code     2  heapauxi.o(.text)
    __rt_heap_expand$2region                 0x0800026d   Thumb Code     2  heapauxi.o(.text)
    __read_errno                             0x0800026f   Thumb Code    10  _rserrno.o(.text)
    __set_errno                              0x08000279   Thumb Code    12  _rserrno.o(.text)
    __aeabi_errno_addr                       0x08000285   Thumb Code     8  rt_errno_addr_intlibspace.o(.text)
    __errno$intlibspace                      0x08000285   Thumb Code     0  rt_errno_addr_intlibspace.o(.text)
    __rt_errno_addr$intlibspace              0x08000285   Thumb Code     0  rt_errno_addr_intlibspace.o(.text)
    __user_libspace                          0x0800028d   Thumb Code     8  libspace.o(.text)
    __user_perproc_libspace                  0x0800028d   Thumb Code     0  libspace.o(.text)
    __user_perthread_libspace                0x0800028d   Thumb Code     0  libspace.o(.text)
    __user_setup_stackheap                   0x08000295   Thumb Code    74  sys_stackheap_outer.o(.text)
    exit                                     0x080002df   Thumb Code    18  exit.o(.text)
    _sys_exit                                0x080002f1   Thumb Code     8  sys_exit.o(.text)
    __I$use$semihosting                      0x080002fd   Thumb Code     0  use_no_semi.o(.text)
    __use_no_semihosting_swi                 0x080002fd   Thumb Code     2  use_no_semi.o(.text)
    __semihosting_library_function           0x080002ff   Thumb Code     0  indicate_semi.o(.text)
    SystemInit                               0x08000301   Thumb Code    86  system_stm32f4xx.o(.text.SystemInit)
    main                                     0x08000359   Thumb Code   146  main.o(.text.main)
    __ARM_fpclassify                         0x080003eb   Thumb Code    48  fpclassify.o(i.__ARM_fpclassify)
    __hardfp_cos                             0x08000421   Thumb Code   180  cos.o(i.__hardfp_cos)
    __ieee754_rem_pio2                       0x080004e9   Thumb Code   938  rred.o(i.__ieee754_rem_pio2)
    __kernel_cos                             0x08000921   Thumb Code   322  cos_i.o(i.__kernel_cos)
    __kernel_poly                            0x08000a91   Thumb Code   248  poly.o(i.__kernel_poly)
    __kernel_sin                             0x08000b89   Thumb Code   280  sin_i.o(i.__kernel_sin)
    __mathlib_dbl_infnan                     0x08000cb9   Thumb Code    20  dunder.o(i.__mathlib_dbl_infnan)
    __mathlib_dbl_invalid                    0x08000cd1   Thumb Code    24  dunder.o(i.__mathlib_dbl_invalid)
    __mathlib_dbl_underflow                  0x08000cf1   Thumb Code    24  dunder.o(i.__mathlib_dbl_underflow)
    fabs                                     0x08000d11   Thumb Code    24  fabs.o(i.fabs)
    __aeabi_dneg                             0x08000d29   Thumb Code     0  basic.o(x$fpl$basic)
    _dneg                                    0x08000d29   Thumb Code     6  basic.o(x$fpl$basic)
    __aeabi_fneg                             0x08000d2f   Thumb Code     0  basic.o(x$fpl$basic)
    _fneg                                    0x08000d2f   Thumb Code     6  basic.o(x$fpl$basic)
    _dabs                                    0x08000d35   Thumb Code     6  basic.o(x$fpl$basic)
    _fabs                                    0x08000d3b   Thumb Code     6  basic.o(x$fpl$basic)
    __aeabi_d2f                              0x08000d41   Thumb Code     0  d2f.o(x$fpl$d2f)
    _d2f                                     0x08000d41   Thumb Code    98  d2f.o(x$fpl$d2f)
    __aeabi_dadd                             0x08000da5   Thumb Code     0  daddsub_clz.o(x$fpl$dadd)
    _dadd                                    0x08000da5   Thumb Code   332  daddsub_clz.o(x$fpl$dadd)
    __aeabi_ddiv                             0x08000ef5   Thumb Code     0  ddiv.o(x$fpl$ddiv)
    _ddiv                                    0x08000ef5   Thumb Code   552  ddiv.o(x$fpl$ddiv)
    __aeabi_d2iz                             0x080011a5   Thumb Code     0  dfix.o(x$fpl$dfix)
    _dfix                                    0x080011a5   Thumb Code    94  dfix.o(x$fpl$dfix)
    __aeabi_i2d                              0x08001203   Thumb Code     0  dflt_clz.o(x$fpl$dflt)
    _dflt                                    0x08001203   Thumb Code    46  dflt_clz.o(x$fpl$dflt)
    __aeabi_ui2d                             0x08001231   Thumb Code     0  dflt_clz.o(x$fpl$dfltu)
    _dfltu                                   0x08001231   Thumb Code    38  dflt_clz.o(x$fpl$dfltu)
    __aeabi_dmul                             0x08001259   Thumb Code     0  dmul.o(x$fpl$dmul)
    _dmul                                    0x08001259   Thumb Code   332  dmul.o(x$fpl$dmul)
    __fpl_dnaninf                            0x080013ad   Thumb Code   156  dnaninf.o(x$fpl$dnaninf)
    __fpl_dretinf                            0x08001449   Thumb Code    12  dretinf.o(x$fpl$dretinf)
    __aeabi_drsub                            0x08001455   Thumb Code     0  daddsub_clz.o(x$fpl$drsb)
    _drsb                                    0x08001455   Thumb Code    22  daddsub_clz.o(x$fpl$drsb)
    __aeabi_dsub                             0x0800146d   Thumb Code     0  daddsub_clz.o(x$fpl$dsub)
    _dsub                                    0x0800146d   Thumb Code   464  daddsub_clz.o(x$fpl$dsub)
    __aeabi_f2d                              0x08001641   Thumb Code     0  f2d.o(x$fpl$f2d)
    _f2d                                     0x08001641   Thumb Code    86  f2d.o(x$fpl$f2d)
    __fpl_fnaninf                            0x08001697   Thumb Code   140  fnaninf.o(x$fpl$fnaninf)
    _fp_init                                 0x08001723   Thumb Code    26  fpinit.o(x$fpl$fpinit)
    __fplib_config_fpu_vfp                   0x0800173b   Thumb Code     0  fpinit.o(x$fpl$fpinit)
    __fplib_config_pureend_doubles           0x0800173b   Thumb Code     0  fpinit.o(x$fpl$fpinit)
    __fpl_fretinf                            0x0800173d   Thumb Code    10  fretinf.o(x$fpl$fretinf)
    __I$use$fp                               0x08001746   Number         0  usenofp.o(x$fpl$usenofp)
    Region$$Table$$Base                      0x08001870   Number         0  anon$$obj.o(Region$$Table)
    Region$$Table$$Limit                     0x08001890   Number         0  anon$$obj.o(Region$$Table)
    w1                                       0x20000000   Data           4  main.o(.data.w1)
    w2                                       0x20000004   Data           4  main.o(.data.w2)
    __libspace_start                         0x20000008   Data          96  libspace.o(.bss)
    __temporary_stack_top$libspace           0x20000068   Data           0  libspace.o(.bss)
    n                                        0x20000068   Data           4  main.o(.bss.n)
    sin1                                     0x2000006c   Data         800  main.o(.bss.sin1)
    sin2                                     0x2000038c   Data         800  main.o(.bss.sin2)



==============================================================================

Memory Map of the image

  Image Entry point : 0x08000189

  Load Region LR_IROM1 (Base: 0x08000000, Size: 0x00001898, Max: 0x00100000, ABSOLUTE)

    Execution Region ER_IROM1 (Exec base: 0x08000000, Load base: 0x08000000, Size: 0x00001890, Max: 0x00100000, ABSOLUTE)

    Exec Addr    Load Addr    Size         Type   Attr      Idx    E Section Name        Object

    0x08000000   0x08000000   0x00000188   Data   RO         1104    RESET               startup_stm32f407xx.o
    0x08000188   0x08000188   0x00000008   Code   RO         1142  * !!!main             c_w.l(__main.o)
    0x08000190   0x08000190   0x00000034   Code   RO         1522    !!!scatter          c_w.l(__scatter.o)
    0x080001c4   0x080001c4   0x0000001a   Code   RO         1524    !!handler_copy      c_w.l(__scatter_copy.o)
    0x080001de   0x080001de   0x00000002   PAD
    0x080001e0   0x080001e0   0x0000001c   Code   RO         1526    !!handler_zi        c_w.l(__scatter_zi.o)
    0x080001fc   0x080001fc   0x00000002   Code   RO         1389    .ARM.Collect$$libinit$$00000000  c_w.l(libinit.o)
    0x080001fe   0x080001fe   0x00000004   Code   RO         1398    .ARM.Collect$$libinit$$00000001  c_w.l(libinit2.o)
    0x08000202   0x08000202   0x00000000   Code   RO         1401    .ARM.Collect$$libinit$$00000004  c_w.l(libinit2.o)
    0x08000202   0x08000202   0x00000000   Code   RO         1404    .ARM.Collect$$libinit$$0000000A  c_w.l(libinit2.o)
    0x08000202   0x08000202   0x00000000   Code   RO         1406    .ARM.Collect$$libinit$$0000000C  c_w.l(libinit2.o)
    0x08000202   0x08000202   0x00000000   Code   RO         1408    .ARM.Collect$$libinit$$0000000E  c_w.l(libinit2.o)
    0x08000202   0x08000202   0x00000000   Code   RO         1411    .ARM.Collect$$libinit$$00000011  c_w.l(libinit2.o)
    0x08000202   0x08000202   0x00000000   Code   RO         1413    .ARM.Collect$$libinit$$00000013  c_w.l(libinit2.o)
    0x08000202   0x08000202   0x00000000   Code   RO         1415    .ARM.Collect$$libinit$$00000015  c_w.l(libinit2.o)
    0x08000202   0x08000202   0x00000000   Code   RO         1417    .ARM.Collect$$libinit$$00000017  c_w.l(libinit2.o)
    0x08000202   0x08000202   0x00000000   Code   RO         1419    .ARM.Collect$$libinit$$00000019  c_w.l(libinit2.o)
    0x08000202   0x08000202   0x00000000   Code   RO         1421    .ARM.Collect$$libinit$$0000001B  c_w.l(libinit2.o)
    0x08000202   0x08000202   0x00000000   Code   RO         1423    .ARM.Collect$$libinit$$0000001D  c_w.l(libinit2.o)
    0x08000202   0x08000202   0x00000000   Code   RO         1425    .ARM.Collect$$libinit$$0000001F  c_w.l(libinit2.o)
    0x08000202   0x08000202   0x00000000   Code   RO         1427    .ARM.Collect$$libinit$$00000021  c_w.l(libinit2.o)
    0x08000202   0x08000202   0x00000000   Code   RO         1429    .ARM.Collect$$libinit$$00000023  c_w.l(libinit2.o)
    0x08000202   0x08000202   0x00000000   Code   RO         1431    .ARM.Collect$$libinit$$00000025  c_w.l(libinit2.o)
    0x08000202   0x08000202   0x00000000   Code   RO         1435    .ARM.Collect$$libinit$$0000002C  c_w.l(libinit2.o)
    0x08000202   0x08000202   0x00000000   Code   RO         1437    .ARM.Collect$$libinit$$0000002E  c_w.l(libinit2.o)
    0x08000202   0x08000202   0x00000000   Code   RO         1439    .ARM.Collect$$libinit$$00000030  c_w.l(libinit2.o)
    0x08000202   0x08000202   0x00000000   Code   RO         1441    .ARM.Collect$$libinit$$00000032  c_w.l(libinit2.o)
    0x08000202   0x08000202   0x00000002   Code   RO         1442    .ARM.Collect$$libinit$$00000033  c_w.l(libinit2.o)
    0x08000204   0x08000204   0x00000002   Code   RO         1477    .ARM.Collect$$libshutdown$$00000000  c_w.l(libshutdown.o)
    0x08000206   0x08000206   0x00000000   Code   RO         1505    .ARM.Collect$$libshutdown$$00000002  c_w.l(libshutdown2.o)
    0x08000206   0x08000206   0x00000000   Code   RO         1507    .ARM.Collect$$libshutdown$$00000004  c_w.l(libshutdown2.o)
    0x08000206   0x08000206   0x00000000   Code   RO         1510    .ARM.Collect$$libshutdown$$00000007  c_w.l(libshutdown2.o)
    0x08000206   0x08000206   0x00000000   Code   RO         1513    .ARM.Collect$$libshutdown$$0000000A  c_w.l(libshutdown2.o)
    0x08000206   0x08000206   0x00000000   Code   RO         1515    .ARM.Collect$$libshutdown$$0000000C  c_w.l(libshutdown2.o)
    0x08000206   0x08000206   0x00000000   Code   RO         1518    .ARM.Collect$$libshutdown$$0000000F  c_w.l(libshutdown2.o)
    0x08000206   0x08000206   0x00000002   Code   RO         1519    .ARM.Collect$$libshutdown$$00000010  c_w.l(libshutdown2.o)
    0x08000208   0x08000208   0x00000000   Code   RO         1264    .ARM.Collect$$rtentry$$00000000  c_w.l(__rtentry.o)
    0x08000208   0x08000208   0x00000000   Code   RO         1338    .ARM.Collect$$rtentry$$00000002  c_w.l(__rtentry2.o)
    0x08000208   0x08000208   0x00000006   Code   RO         1350    .ARM.Collect$$rtentry$$00000004  c_w.l(__rtentry4.o)
    0x0800020e   0x0800020e   0x00000000   Code   RO         1340    .ARM.Collect$$rtentry$$00000009  c_w.l(__rtentry2.o)
    0x0800020e   0x0800020e   0x00000004   Code   RO         1341    .ARM.Collect$$rtentry$$0000000A  c_w.l(__rtentry2.o)
    0x08000212   0x08000212   0x00000000   Code   RO         1343    .ARM.Collect$$rtentry$$0000000C  c_w.l(__rtentry2.o)
    0x08000212   0x08000212   0x00000008   Code   RO         1344    .ARM.Collect$$rtentry$$0000000D  c_w.l(__rtentry2.o)
    0x0800021a   0x0800021a   0x00000002   Code   RO         1390    .ARM.Collect$$rtexit$$00000000  c_w.l(rtexit.o)
    0x0800021c   0x0800021c   0x00000000   Code   RO         1448    .ARM.Collect$$rtexit$$00000002  c_w.l(rtexit2.o)
    0x0800021c   0x0800021c   0x00000004   Code   RO         1449    .ARM.Collect$$rtexit$$00000003  c_w.l(rtexit2.o)
    0x08000220   0x08000220   0x00000006   Code   RO         1450    .ARM.Collect$$rtexit$$00000004  c_w.l(rtexit2.o)
    0x08000226   0x08000226   0x00000002   PAD
    0x08000228   0x08000228   0x00000040   Code   RO         1105    .text               startup_stm32f407xx.o
    0x08000268   0x08000268   0x00000006   Code   RO         1140    .text               c_w.l(heapauxi.o)
    0x0800026e   0x0800026e   0x00000016   Code   RO         1269    .text               c_w.l(_rserrno.o)
    0x08000284   0x08000284   0x00000008   Code   RO         1357    .text               c_w.l(rt_errno_addr_intlibspace.o)
    0x0800028c   0x0800028c   0x00000008   Code   RO         1373    .text               c_w.l(libspace.o)
    0x08000294   0x08000294   0x0000004a   Code   RO         1376    .text               c_w.l(sys_stackheap_outer.o)
    0x080002de   0x080002de   0x00000012   Code   RO         1378    .text               c_w.l(exit.o)
    0x080002f0   0x080002f0   0x0000000c   Code   RO         1443    .text               c_w.l(sys_exit.o)
    0x080002fc   0x080002fc   0x00000002   Code   RO         1466    .text               c_w.l(use_no_semi.o)
    0x080002fe   0x080002fe   0x00000000   Code   RO         1468    .text               c_w.l(indicate_semi.o)
    0x080002fe   0x080002fe   0x00000002   PAD
    0x08000300   0x08000300   0x00000056   Code   RO         1112    .text.SystemInit    system_stm32f4xx.o
    0x08000356   0x08000356   0x00000002   PAD
    0x08000358   0x08000358   0x00000092   Code   RO            2    .text.main          main.o
    0x080003ea   0x080003ea   0x00000030   Code   RO         1371    i.__ARM_fpclassify  m_wm.l(fpclassify.o)
    0x0800041a   0x0800041a   0x00000006   PAD
    0x08000420   0x08000420   0x000000c8   Code   RO         1172    i.__hardfp_cos      m_wm.l(cos.o)
    0x080004e8   0x080004e8   0x00000438   Code   RO         1326    i.__ieee754_rem_pio2  m_wm.l(rred.o)
    0x08000920   0x08000920   0x00000170   Code   RO         1290    i.__kernel_cos      m_wm.l(cos_i.o)
    0x08000a90   0x08000a90   0x000000f8   Code   RO         1323    i.__kernel_poly     m_wm.l(poly.o)
    0x08000b88   0x08000b88   0x00000130   Code   RO         1331    i.__kernel_sin      m_wm.l(sin_i.o)
    0x08000cb8   0x08000cb8   0x00000014   Code   RO         1294    i.__mathlib_dbl_infnan  m_wm.l(dunder.o)
    0x08000ccc   0x08000ccc   0x00000004   PAD
    0x08000cd0   0x08000cd0   0x00000020   Code   RO         1296    i.__mathlib_dbl_invalid  m_wm.l(dunder.o)
    0x08000cf0   0x08000cf0   0x00000020   Code   RO         1299    i.__mathlib_dbl_underflow  m_wm.l(dunder.o)
    0x08000d10   0x08000d10   0x00000018   Code   RO         1367    i.fabs              m_wm.l(fabs.o)
    0x08000d28   0x08000d28   0x00000018   Code   RO         1271    x$fpl$basic         fz_wm.l(basic.o)
    0x08000d40   0x08000d40   0x00000062   Code   RO         1144    x$fpl$d2f           fz_wm.l(d2f.o)
    0x08000da2   0x08000da2   0x00000002   PAD
    0x08000da4   0x08000da4   0x00000150   Code   RO         1146    x$fpl$dadd          fz_wm.l(daddsub_clz.o)
    0x08000ef4   0x08000ef4   0x000002b0   Code   RO         1155    x$fpl$ddiv          fz_wm.l(ddiv.o)
    0x080011a4   0x080011a4   0x0000005e   Code   RO         1361    x$fpl$dfix          fz_wm.l(dfix.o)
    0x08001202   0x08001202   0x0000002e   Code   RO         1159    x$fpl$dflt          fz_wm.l(dflt_clz.o)
    0x08001230   0x08001230   0x00000026   Code   RO         1158    x$fpl$dfltu         fz_wm.l(dflt_clz.o)
    0x08001256   0x08001256   0x00000002   PAD
    0x08001258   0x08001258   0x00000154   Code   RO         1164    x$fpl$dmul          fz_wm.l(dmul.o)
    0x080013ac   0x080013ac   0x0000009c   Code   RO         1279    x$fpl$dnaninf       fz_wm.l(dnaninf.o)
    0x08001448   0x08001448   0x0000000c   Code   RO         1281    x$fpl$dretinf       fz_wm.l(dretinf.o)
    0x08001454   0x08001454   0x00000016   Code   RO         1147    x$fpl$drsb          fz_wm.l(daddsub_clz.o)
    0x0800146a   0x0800146a   0x00000002   PAD
    0x0800146c   0x0800146c   0x000001d4   Code   RO         1148    x$fpl$dsub          fz_wm.l(daddsub_clz.o)
    0x08001640   0x08001640   0x00000056   Code   RO         1166    x$fpl$f2d           fz_wm.l(f2d.o)
    0x08001696   0x08001696   0x0000008c   Code   RO         1283    x$fpl$fnaninf       fz_wm.l(fnaninf.o)
    0x08001722   0x08001722   0x0000001a   Code   RO         1460    x$fpl$fpinit        fz_wm.l(fpinit.o)
    0x0800173c   0x0800173c   0x0000000a   Code   RO         1285    x$fpl$fretinf       fz_wm.l(fretinf.o)
    0x08001746   0x08001746   0x00000000   Code   RO         1289    x$fpl$usenofp       fz_wm.l(usenofp.o)
    0x08001746   0x08001746   0x00000002   PAD
    0x08001748   0x08001748   0x00000030   Data   RO         1291    .constdata          m_wm.l(cos_i.o)
    0x08001778   0x08001778   0x000000cc   Data   RO         1328    .constdata          m_wm.l(rred.o)
    0x08001844   0x08001844   0x00000004   PAD
    0x08001848   0x08001848   0x00000028   Data   RO         1332    .constdata          m_wm.l(sin_i.o)
    0x08001870   0x08001870   0x00000020   Data   RO         1521    Region$$Table       anon$$obj.o


    Execution Region RW_IRAM1 (Exec base: 0x20000000, Load base: 0x08001890, Size: 0x00000cb0, Max: 0x00020000, ABSOLUTE)

    Exec Addr    Load Addr    Size         Type   Attr      Idx    E Section Name        Object

    0x20000000   0x08001890   0x00000004   Data   RW            4    .data.w1            main.o
    0x20000004   0x08001894   0x00000004   Data   RW            5    .data.w2            main.o
    0x20000008        -       0x00000060   Zero   RW         1374    .bss                c_w.l(libspace.o)
    0x20000068        -       0x00000004   Zero   RW            6    .bss.n              main.o
    0x2000006c        -       0x00000320   Zero   RW            7    .bss.sin1           main.o
    0x2000038c        -       0x00000320   Zero   RW            8    .bss.sin2           main.o
    0x200006ac   0x08001898   0x00000004   PAD
    0x200006b0        -       0x00000200   Zero   RW         1103    HEAP                startup_stm32f407xx.o
    0x200008b0        -       0x00000400   Zero   RW         1102    STACK               startup_stm32f407xx.o


==============================================================================

Image component sizes


      Code (inc. data)   RO Data    RW Data    ZI Data      Debug   Object Name

       146          0          0          8       1604        649   main.o
        64         26        392          0       1536        912   startup_stm32f407xx.o
        86          0          0          0          0       2809   system_stm32f4xx.o

    ----------------------------------------------------------------------
       298         26        424          8       3144       4370   Object Totals
         0          0         32          0          0          0   (incl. Generated)
         2          0          0          0          4          0   (incl. Padding)

    ----------------------------------------------------------------------

      Code (inc. data)   RO Data    RW Data    ZI Data      Debug   Library Member Name

         8          0          0          0          0         68   __main.o
         0          0          0          0          0          0   __rtentry.o
        12          0          0          0          0          0   __rtentry2.o
         6          0          0          0          0          0   __rtentry4.o
        52          8          0          0          0          0   __scatter.o
        26          0          0          0          0          0   __scatter_copy.o
        28          0          0          0          0          0   __scatter_zi.o
        22          0          0          0          0        100   _rserrno.o
        18          0          0          0          0         80   exit.o
         6          0          0          0          0        152   heapauxi.o
         0          0          0          0          0          0   indicate_semi.o
         2          0          0          0          0          0   libinit.o
         6          0          0          0          0          0   libinit2.o
         2          0          0          0          0          0   libshutdown.o
         2          0          0          0          0          0   libshutdown2.o
         8          4          0          0         96         68   libspace.o
         8          4          0          0          0         68   rt_errno_addr_intlibspace.o
         2          0          0          0          0          0   rtexit.o
        10          0          0          0          0          0   rtexit2.o
        12          4          0          0          0         68   sys_exit.o
        74          0          0          0          0         80   sys_stackheap_outer.o
         2          0          0          0          0         68   use_no_semi.o
        24          0          0          0          0        164   basic.o
        98          4          0          0          0        140   d2f.o
       826         16          0          0          0        500   daddsub_clz.o
       688        140          0          0          0        264   ddiv.o
        94          4          0          0          0        140   dfix.o
        84          0          0          0          0        232   dflt_clz.o
       340         12          0          0          0        152   dmul.o
       156          4          0          0          0        140   dnaninf.o
        12          0          0          0          0        116   dretinf.o
        86          4          0          0          0        132   f2d.o
       140          4          0          0          0        132   fnaninf.o
        26          0          0          0          0        116   fpinit.o
        10          0          0          0          0        116   fretinf.o
         0          0          0          0          0          0   usenofp.o
       200         20          0          0          0        164   cos.o
       368         46         48          0          0        200   cos_i.o
        84         16          0          0          0        372   dunder.o
        24          0          0          0          0        124   fabs.o
        48          0          0          0          0        124   fpclassify.o
       248          0          0          0          0        152   poly.o
      1080        142        204          0          0        188   rred.o
       304         24         40          0          0        208   sin_i.o

    ----------------------------------------------------------------------
      5270        456        296          0         96       4628   Library Totals
        24          0          4          0          0          0   (incl. Padding)

    ----------------------------------------------------------------------

      Code (inc. data)   RO Data    RW Data    ZI Data      Debug   Library Name

       306         20          0          0         96        752   c_w.l
      2584        188          0          0          0       2344   fz_wm.l
      2356        248        292          0          0       1532   m_wm.l

    ----------------------------------------------------------------------
      5270        456        296          0         96       4628   Library Totals

    ----------------------------------------------------------------------

==============================================================================


      Code (inc. data)   RO Data    RW Data    ZI Data      Debug   

      5568        482        720          8       3240       6322   Grand Totals
      5568        482        720          8       3240       6322   ELF Image Totals
      5568        482        720          8          0          0   ROM Totals

==============================================================================

    Total RO  Size (Code + RO Data)                 6288 (   6.14kB)
    Total RW  Size (RW Data + ZI Data)              3248 (   3.17kB)
    Total ROM Size (Code + RO Data + RW Data)       6296 (   6.15kB)

==============================================================================

