<html>
<body>
<pre>
<h1>µVision Build Log</h1>
<h2>Tool Versions:</h2>
IDE-Version: µVision V5.31.0.0
Copyright (C) 2020 ARM Ltd and ARM Germany GmbH. All rights reserved.
License Information: Jeffry Quino Briceño, UNAC, LIC=32BMM-XTZRF-J6NQ9-4SYS7-JFC84-CXISW
 
Tool Versions:
Toolchain:       MDK-ARM Plus  Version: 5.31.0.0
Toolchain Path:  C:\Keil_v5\ARM\ARMCLANG\Bin
C Compiler:      ArmClang.exe V6.14
Assembler:       Armasm.exe V6.14
Linker/Locator:  ArmLink.exe V6.14
Library Manager: ArmAr.exe V6.14
Hex Converter:   FromElf.exe V6.14
CPU DLL:         SARMCM3.DLL V5.31.0.0
Dialog DLL:      DCM.DLL V1.17.3.0
Target DLL:      STLink\ST-LINKIII-KEIL_SWO.dll V3.0.7.0
Dialog DLL:      TCM.DLL V1.46.0.0
 
<h2>Project:</h2>
D:\CURSOS UDEMY\STM32\DSP ON ARM\DSP-ARM CORTEX M4\DSP-LIBRO\CODIGO KEIL\cap2_ejercicio_2_14\diseño de filtro fir.uvprojx
Project File Date:  11/25/2020

<h2>Output:</h2>
*** Using Compiler 'V6.14', folder: 'C:\Keil_v5\ARM\ARMCLANG\Bin'
Build target 'CORTEX M4'
main.c(1): warning: In file included from...
C:/Users/Lenovo/AppData/Local/Arm/Packs/Keil/STM32F4xx_DFP/2.14.0/Drivers/CMSIS/Device/ST/STM32F4xx/Include\stm32f4xx.h(149): warning: In file included from...
C:/Users/Lenovo/AppData/Local/Arm/Packs/Keil/STM32F4xx_DFP/2.14.0/Drivers/CMSIS/Device/ST/STM32F4xx/Include/stm32f407xx.h(68): warning: '__FPU_PRESENT' macro redefined [-Wmacro-redefined]
#define __FPU_PRESENT             1U       /*!< FPU present                                   */
        ^
<command line>(5): note: previous definition is here
#define __FPU_PRESENT 1
        ^
main.c(2): warning: In file included from...
C:/Users/Lenovo/AppData/Local/Arm/Packs/ARM/CMSIS/5.7.0/CMSIS/DSP/Include\arm_math.h(1220): warning: implicit conversion changes signedness: 'q31_t' (aka 'int') to 'uint32_t' (aka 'unsigned int') [-Wsign-conversion]
      signBits = ((uint32_t) (__CLZ( in) - 1));
                              ~~~~~  ^~
C:/Users/Lenovo/AppData/Local/Arm/Packs/ARM/CMSIS/5.7.0/CMSIS/DSP/Include\arm_math.h(1224): warning: implicit conversion changes signedness: 'q31_t' (aka 'int') to 'uint32_t' (aka 'unsigned int') [-Wsign-conversion]
      signBits = ((uint32_t) (__CLZ(-in) - 1));
                              ~~~~~ ^~~
C:/Users/Lenovo/AppData/Local/Arm/Packs/ARM/CMSIS/5.7.0/CMSIS/DSP/Include\arm_math.h(1271): warning: implicit conversion changes signedness: 'q15_t' (aka 'short') to 'uint32_t' (aka 'unsigned int') [-Wsign-conversion]
      signBits = ((uint32_t)(__CLZ( in) - 17));
                             ~~~~~  ^~
C:/Users/Lenovo/AppData/Local/Arm/Packs/ARM/CMSIS/5.7.0/CMSIS/DSP/Include\arm_math.h(1275): warning: implicit conversion changes signedness: 'int' to 'uint32_t' (aka 'unsigned int') [-Wsign-conversion]
      signBits = ((uint32_t)(__CLZ(-in) - 17));
                             ~~~~~ ^~~
C:/Users/Lenovo/AppData/Local/Arm/Packs/ARM/CMSIS/5.7.0/CMSIS/DSP/Include\arm_math.h(1279): warning: implicit conversion loses integer precision: 'int' to 'q15_t' (aka 'short') [-Wimplicit-int-conversion]
    in = (in << signBits);
       ~  ~~~^~~~~~~~~~~
C:/Users/Lenovo/AppData/Local/Arm/Packs/ARM/CMSIS/5.7.0/CMSIS/DSP/Include\arm_math.h(1295): warning: implicit conversion changes signedness: 'q31_t' (aka 'int') to 'unsigned int' [-Wsign-conversion]
      out = (q15_t) (((q31_t) out * tempVal) >> 14);
                      ^~~~~~~~~~~ ~
C:/Users/Lenovo/AppData/Local/Arm/Packs/ARM/CMSIS/5.7.0/CMSIS/DSP/Include\arm_math.h(1337): warning: implicit conversion changes signedness: 'int32_t' (aka 'int') to 'uint32_t' (aka 'unsigned int') [-Wsign-conversion]
    n1 = __CLZ(hi) - 32;
         ~~~~~ ^~
C:/Users/Lenovo/AppData/Local/Arm/Packs/ARM/CMSIS/5.7.0/CMSIS/DSP/Include\arm_math.h(1343): warning: implicit conversion changes signedness: 'int32_t' (aka 'int') to 'uint32_t' (aka 'unsigned int') [-Wsign-conversion]
        n1 = __CLZ(lo);
             ~~~~~ ^~
C:/Users/Lenovo/AppData/Local/Arm/Packs/ARM/CMSIS/5.7.0/CMSIS/DSP/Include\arm_math.h(1379): warning: implicit conversion changes signedness: 'unsigned int' to 'int32_t' (aka 'int') [-Wsign-conversion]
        *normalized = (((uint32_t) lo) >> n1) | (hi << (32 - n1));
                    ~ ~~~~~~~~~~~~~~~~~~~~~~~~^~~~~~~~~~~~~~~~~~~
C:/Users/Lenovo/AppData/Local/Arm/Packs/ARM/CMSIS/5.7.0/CMSIS/DSP/Include\arm_math.h(1379): warning: implicit conversion changes signedness: 'int32_t' (aka 'int') to 'unsigned int' [-Wsign-conversion]
        *normalized = (((uint32_t) lo) >> n1) | (hi << (32 - n1));
                                              ~  ~~~^~~~~~~~~~~~
C:/Users/Lenovo/AppData/Local/Arm/Packs/ARM/CMSIS/5.7.0/CMSIS/DSP/Include\arm_math.h(1394): warning: operand of ? changes signedness: 'q63_t' (aka 'long long') to 'uint64_t' (aka 'unsigned long long') [-Wsign-conversion]
    absNum = num > 0 ? num : -num;
           ~           ^~~
C:/Users/Lenovo/AppData/Local/Arm/Packs/ARM/CMSIS/5.7.0/CMSIS/DSP/Include\arm_math.h(1394): warning: operand of ? changes signedness: 'q63_t' (aka 'long long') to 'uint64_t' (aka 'unsigned long long') [-Wsign-conversion]
    absNum = num > 0 ? num : -num;
           ~                 ^~~~
C:/Users/Lenovo/AppData/Local/Arm/Packs/ARM/CMSIS/5.7.0/CMSIS/DSP/Include\arm_math.h(3203): warning: padding struct 'arm_cfft_instance_f64' with 2 bytes to align 'pTwiddle' [-Wpadded]
    const float64_t *pTwiddle;         /**< points to the Twiddle factor table. */
                     ^
C:/Users/Lenovo/AppData/Local/Arm/Packs/ARM/CMSIS/5.7.0/CMSIS/DSP/Include\arm_math.h(3200): warning: padding size of 'arm_cfft_instance_f64' with 2 bytes to alignment boundary [-Wpadded]
  typedef struct
          ^
C:/Users/Lenovo/AppData/Local/Arm/Packs/ARM/CMSIS/5.7.0/CMSIS/DSP/Include\arm_math.h(3172): warning: padding struct 'arm_cfft_instance_f32' with 2 bytes to align 'pTwiddle' [-Wpadded]
    const float32_t *pTwiddle;         /**< points to the Twiddle factor table. */
                     ^
C:/Users/Lenovo/AppData/Local/Arm/Packs/ARM/CMSIS/5.7.0/CMSIS/DSP/Include\arm_math.h(3169): warning: padding size of 'arm_cfft_instance_f32' with 2 bytes to alignment boundary [-Wpadded]
  typedef struct
          ^
C:/Users/Lenovo/AppData/Local/Arm/Packs/ARM/CMSIS/5.7.0/CMSIS/DSP/Include\arm_math.h(6510): warning: implicit conversion from 'int32_t' (aka 'int') to 'float' may lose precision [-Wimplicit-int-float-conversion]
      x0 = S->x1 +  i      * xSpacing;
                    ^      ~
C:/Users/Lenovo/AppData/Local/Arm/Packs/ARM/CMSIS/5.7.0/CMSIS/DSP/Include\arm_math.h(6511): warning: implicit conversion from 'int' to 'float' may lose precision [-Wimplicit-int-float-conversion]
      x1 = S->x1 + (i + 1) * xSpacing;
                    ~~^~~  ~
C:/Users/Lenovo/AppData/Local/Arm/Packs/ARM/CMSIS/5.7.0/CMSIS/DSP/Include\arm_math.h(8583): warning: implicit conversion from 'int32_t' (aka 'int') to 'float' may lose precision [-Wimplicit-int-float-conversion]
    xdiff = X - xIndex;
              ~ ^~~~~~
C:/Users/Lenovo/AppData/Local/Arm/Packs/ARM/CMSIS/5.7.0/CMSIS/DSP/Include\arm_math.h(8586): warning: implicit conversion from 'int32_t' (aka 'int') to 'float' may lose precision [-Wimplicit-int-float-conversion]
    ydiff = Y - yIndex;
              ~ ^~~~~~
main.c(3): warning: In file included from...
./FIR_lpf_coefficients.h(3): warning: implicit conversion loses floating-point precision: 'double' to 'float' [-Wimplicit-float-conversion]
float h[K] = {0.002044, 0.007806, 0.014554, 0.020018, 0.024374, 0.027780, 0.030370, 0.032264, 0.033568, 
             ~^~~~~~~~
./FIR_lpf_coefficients.h(3): warning: implicit conversion loses floating-point precision: 'double' to 'float' [-Wimplicit-float-conversion]
float h[K] = {0.002044, 0.007806, 0.014554, 0.020018, 0.024374, 0.027780, 0.030370, 0.032264, 0.033568, 
             ~          ^~~~~~~~
./FIR_lpf_coefficients.h(3): warning: implicit conversion loses floating-point precision: 'double' to 'float' [-Wimplicit-float-conversion]
float h[K] = {0.002044, 0.007806, 0.014554, 0.020018, 0.024374, 0.027780, 0.030370, 0.032264, 0.033568, 
             ~                    ^~~~~~~~
./FIR_lpf_coefficients.h(3): warning: implicit conversion loses floating-point precision: 'double' to 'float' [-Wimplicit-float-conversion]
float h[K] = {0.002044, 0.007806, 0.014554, 0.020018, 0.024374, 0.027780, 0.030370, 0.032264, 0.033568, 
             ~                              ^~~~~~~~
./FIR_lpf_coefficients.h(3): warning: implicit conversion loses floating-point precision: 'double' to 'float' [-Wimplicit-float-conversion]
float h[K] = {0.002044, 0.007806, 0.014554, 0.020018, 0.024374, 0.027780, 0.030370, 0.032264, 0.033568, 
             ~                                        ^~~~~~~~
./FIR_lpf_coefficients.h(3): warning: implicit conversion loses floating-point precision: 'double' to 'float' [-Wimplicit-float-conversion]
float h[K] = {0.002044, 0.007806, 0.014554, 0.020018, 0.024374, 0.027780, 0.030370, 0.032264, 0.033568, 
             ~                                                  ^~~~~~~~
./FIR_lpf_coefficients.h(3): warning: implicit conversion loses floating-point precision: 'double' to 'float' [-Wimplicit-float-conversion]
float h[K] = {0.002044, 0.007806, 0.014554, 0.020018, 0.024374, 0.027780, 0.030370, 0.032264, 0.033568, 
             ~                                                            ^~~~~~~~
./FIR_lpf_coefficients.h(3): warning: implicit conversion loses floating-point precision: 'double' to 'float' [-Wimplicit-float-conversion]
float h[K] = {0.002044, 0.007806, 0.014554, 0.020018, 0.024374, 0.027780, 0.030370, 0.032264, 0.033568, 
             ~                                                                      ^~~~~~~~
./FIR_lpf_coefficients.h(3): warning: implicit conversion loses floating-point precision: 'double' to 'float' [-Wimplicit-float-conversion]
float h[K] = {0.002044, 0.007806, 0.014554, 0.020018, 0.024374, 0.027780, 0.030370, 0.032264, 0.033568, 
             ~                                                                                ^~~~~~~~
./FIR_lpf_coefficients.h(4): warning: implicit conversion loses floating-point precision: 'double' to 'float' [-Wimplicit-float-conversion]
                                                        0.034372, 0.034757, 0.034791, 0.034534, 0.034040, 0.033353, 0.032511, 0.031549, 0.030496, 
                                                        ^~~~~~~~
./FIR_lpf_coefficients.h(4): warning: implicit conversion loses floating-point precision: 'double' to 'float' [-Wimplicit-float-conversion]
                                                        0.034372, 0.034757, 0.034791, 0.034534, 0.034040, 0.033353, 0.032511, 0.031549, 0.030496, 
                                                                  ^~~~~~~~
./FIR_lpf_coefficients.h(4): warning: implicit conversion loses floating-point precision: 'double' to 'float' [-Wimplicit-float-conversion]
                                                        0.034372, 0.034757, 0.034791, 0.034534, 0.034040, 0.033353, 0.032511, 0.031549, 0.030496, 
                                                                            ^~~~~~~~
./FIR_lpf_coefficients.h(4): warning: implicit conversion loses floating-point precision: 'double' to 'float' [-Wimplicit-float-conversion]
                                                        0.034372, 0.034757, 0.034791, 0.034534, 0.034040, 0.033353, 0.032511, 0.031549, 0.030496, 
                                                                                      ^~~~~~~~
./FIR_lpf_coefficients.h(4): warning: implicit conversion loses floating-point precision: 'double' to 'float' [-Wimplicit-float-conversion]
                                                        0.034372, 0.034757, 0.034791, 0.034534, 0.034040, 0.033353, 0.032511, 0.031549, 0.030496, 
                                                                                                ^~~~~~~~
./FIR_lpf_coefficients.h(4): warning: implicit conversion loses floating-point precision: 'double' to 'float' [-Wimplicit-float-conversion]
                                                        0.034372, 0.034757, 0.034791, 0.034534, 0.034040, 0.033353, 0.032511, 0.031549, 0.030496, 
                                                                                                          ^~~~~~~~
./FIR_lpf_coefficients.h(4): warning: implicit conversion loses floating-point precision: 'double' to 'float' [-Wimplicit-float-conversion]
                                                        0.034372, 0.034757, 0.034791, 0.034534, 0.034040, 0.033353, 0.032511, 0.031549, 0.030496, 
                                                                                                                    ^~~~~~~~
./FIR_lpf_coefficients.h(4): warning: implicit conversion loses floating-point precision: 'double' to 'float' [-Wimplicit-float-conversion]
                                                        0.034372, 0.034757, 0.034791, 0.034534, 0.034040, 0.033353, 0.032511, 0.031549, 0.030496, 
                                                                                                                              ^~~~~~~~
./FIR_lpf_coefficients.h(4): warning: implicit conversion loses floating-point precision: 'double' to 'float' [-Wimplicit-float-conversion]
                                                        0.034372, 0.034757, 0.034791, 0.034534, 0.034040, 0.033353, 0.032511, 0.031549, 0.030496, 
                                                                                                                                        ^~~~~~~~
./FIR_lpf_coefficients.h(5): warning: implicit conversion loses floating-point precision: 'double' to 'float' [-Wimplicit-float-conversion]
                                                        0.029375, 0.028207, 0.027010, 0.025800, 0.024587, 0.023383, 0.022195, 0.021031, 0.019896, 
                                                        ^~~~~~~~
./FIR_lpf_coefficients.h(5): warning: implicit conversion loses floating-point precision: 'double' to 'float' [-Wimplicit-float-conversion]
                                                        0.029375, 0.028207, 0.027010, 0.025800, 0.024587, 0.023383, 0.022195, 0.021031, 0.019896, 
                                                                  ^~~~~~~~
./FIR_lpf_coefficients.h(5): warning: implicit conversion loses floating-point precision: 'double' to 'float' [-Wimplicit-float-conversion]
                                                        0.029375, 0.028207, 0.027010, 0.025800, 0.024587, 0.023383, 0.022195, 0.021031, 0.019896, 
                                                                            ^~~~~~~~
./FIR_lpf_coefficients.h(5): warning: implicit conversion loses floating-point precision: 'double' to 'float' [-Wimplicit-float-conversion]
                                                        0.029375, 0.028207, 0.027010, 0.025800, 0.024587, 0.023383, 0.022195, 0.021031, 0.019896, 
                                                                                      ^~~~~~~~
./FIR_lpf_coefficients.h(5): warning: implicit conversion loses floating-point precision: 'double' to 'float' [-Wimplicit-float-conversion]
                                                        0.029375, 0.028207, 0.027010, 0.025800, 0.024587, 0.023383, 0.022195, 0.021031, 0.019896, 
                                                                                                ^~~~~~~~
./FIR_lpf_coefficients.h(5): warning: implicit conversion loses floating-point precision: 'double' to 'float' [-Wimplicit-float-conversion]
                                                        0.029375, 0.028207, 0.027010, 0.025800, 0.024587, 0.023383, 0.022195, 0.021031, 0.019896, 
                                                                                                          ^~~~~~~~
./FIR_lpf_coefficients.h(5): warning: implicit conversion loses floating-point precision: 'double' to 'float' [-Wimplicit-float-conversion]
                                                        0.029375, 0.028207, 0.027010, 0.025800, 0.024587, 0.023383, 0.022195, 0.021031, 0.019896, 
                                                                                                                    ^~~~~~~~
./FIR_lpf_coefficients.h(5): warning: implicit conversion loses floating-point precision: 'double' to 'float' [-Wimplicit-float-conversion]
                                                        0.029375, 0.028207, 0.027010, 0.025800, 0.024587, 0.023383, 0.022195, 0.021031, 0.019896, 
                                                                                                                              ^~~~~~~~
./FIR_lpf_coefficients.h(5): warning: implicit conversion loses floating-point precision: 'double' to 'float' [-Wimplicit-float-conversion]
                                                        0.029375, 0.028207, 0.027010, 0.025800, 0.024587, 0.023383, 0.022195, 0.021031, 0.019896, 
                                                                                                                                        ^~~~~~~~
./FIR_lpf_coefficients.h(6): warning: implicit conversion loses floating-point precision: 'double' to 'float' [-Wimplicit-float-conversion]
                                                        0.018795, 0.017730, 0.016703, 0.015718, 0.014774, 0.013872, 0.013013, 0.012196, 0.011420, 
                                                        ^~~~~~~~
./FIR_lpf_coefficients.h(6): warning: implicit conversion loses floating-point precision: 'double' to 'float' [-Wimplicit-float-conversion]
                                                        0.018795, 0.017730, 0.016703, 0.015718, 0.014774, 0.013872, 0.013013, 0.012196, 0.011420, 
                                                                  ^~~~~~~~
./FIR_lpf_coefficients.h(6): warning: implicit conversion loses floating-point precision: 'double' to 'float' [-Wimplicit-float-conversion]
                                                        0.018795, 0.017730, 0.016703, 0.015718, 0.014774, 0.013872, 0.013013, 0.012196, 0.011420, 
                                                                            ^~~~~~~~
./FIR_lpf_coefficients.h(6): warning: implicit conversion loses floating-point precision: 'double' to 'float' [-Wimplicit-float-conversion]
                                                        0.018795, 0.017730, 0.016703, 0.015718, 0.014774, 0.013872, 0.013013, 0.012196, 0.011420, 
                                                                                      ^~~~~~~~
./FIR_lpf_coefficients.h(6): warning: implicit conversion loses floating-point precision: 'double' to 'float' [-Wimplicit-float-conversion]
                                                        0.018795, 0.017730, 0.016703, 0.015718, 0.014774, 0.013872, 0.013013, 0.012196, 0.011420, 
                                                                                                ^~~~~~~~
./FIR_lpf_coefficients.h(6): warning: implicit conversion loses floating-point precision: 'double' to 'float' [-Wimplicit-float-conversion]
                                                        0.018795, 0.017730, 0.016703, 0.015718, 0.014774, 0.013872, 0.013013, 0.012196, 0.011420, 
                                                                                                          ^~~~~~~~
./FIR_lpf_coefficients.h(6): warning: implicit conversion loses floating-point precision: 'double' to 'float' [-Wimplicit-float-conversion]
                                                        0.018795, 0.017730, 0.016703, 0.015718, 0.014774, 0.013872, 0.013013, 0.012196, 0.011420, 
                                                                                                                    ^~~~~~~~
./FIR_lpf_coefficients.h(6): warning: implicit conversion loses floating-point precision: 'double' to 'float' [-Wimplicit-float-conversion]
                                                        0.018795, 0.017730, 0.016703, 0.015718, 0.014774, 0.013872, 0.013013, 0.012196, 0.011420, 
                                                                                                                              ^~~~~~~~
./FIR_lpf_coefficients.h(6): warning: implicit conversion loses floating-point precision: 'double' to 'float' [-Wimplicit-float-conversion]
                                                        0.018795, 0.017730, 0.016703, 0.015718, 0.014774, 0.013872, 0.013013, 0.012196, 0.011420, 
                                                                                                                                        ^~~~~~~~
./FIR_lpf_coefficients.h(7): warning: implicit conversion loses floating-point precision: 'double' to 'float' [-Wimplicit-float-conversion]
                                                        0.010684, 0.009989, 0.009331, 0.008711, 0.008127, 0.007577, 0.007061, 0.006575, 0.006120, 
                                                        ^~~~~~~~
./FIR_lpf_coefficients.h(7): warning: implicit conversion loses floating-point precision: 'double' to 'float' [-Wimplicit-float-conversion]
                                                        0.010684, 0.009989, 0.009331, 0.008711, 0.008127, 0.007577, 0.007061, 0.006575, 0.006120, 
                                                                  ^~~~~~~~
./FIR_lpf_coefficients.h(7): warning: implicit conversion loses floating-point precision: 'double' to 'float' [-Wimplicit-float-conversion]
                                                        0.010684, 0.009989, 0.009331, 0.008711, 0.008127, 0.007577, 0.007061, 0.006575, 0.006120, 
                                                                            ^~~~~~~~
./FIR_lpf_coefficients.h(7): warning: implicit conversion loses floating-point precision: 'double' to 'float' [-Wimplicit-float-conversion]
                                                        0.010684, 0.009989, 0.009331, 0.008711, 0.008127, 0.007577, 0.007061, 0.006575, 0.006120, 
                                                                                      ^~~~~~~~
./FIR_lpf_coefficients.h(7): warning: implicit conversion loses floating-point precision: 'double' to 'float' [-Wimplicit-float-conversion]
                                                        0.010684, 0.009989, 0.009331, 0.008711, 0.008127, 0.007577, 0.007061, 0.006575, 0.006120, 
                                                                                                ^~~~~~~~
./FIR_lpf_coefficients.h(7): warning: implicit conversion loses floating-point precision: 'double' to 'float' [-Wimplicit-float-conversion]
                                                        0.010684, 0.009989, 0.009331, 0.008711, 0.008127, 0.007577, 0.007061, 0.006575, 0.006120, 
                                                                                                          ^~~~~~~~
./FIR_lpf_coefficients.h(7): warning: implicit conversion loses floating-point precision: 'double' to 'float' [-Wimplicit-float-conversion]
                                                        0.010684, 0.009989, 0.009331, 0.008711, 0.008127, 0.007577, 0.007061, 0.006575, 0.006120, 
                                                                                                                    ^~~~~~~~
./FIR_lpf_coefficients.h(7): warning: implicit conversion loses floating-point precision: 'double' to 'float' [-Wimplicit-float-conversion]
                                                        0.010684, 0.009989, 0.009331, 0.008711, 0.008127, 0.007577, 0.007061, 0.006575, 0.006120, 
                                                                                                                              ^~~~~~~~
./FIR_lpf_coefficients.h(7): warning: implicit conversion loses floating-point precision: 'double' to 'float' [-Wimplicit-float-conversion]
                                                        0.010684, 0.009989, 0.009331, 0.008711, 0.008127, 0.007577, 0.007061, 0.006575, 0.006120, 
                                                                                                                                        ^~~~~~~~
./FIR_lpf_coefficients.h(8): warning: implicit conversion loses floating-point precision: 'double' to 'float' [-Wimplicit-float-conversion]
                                                        0.005693, 0.005294, 0.004920, 0.004570, 0.004244, 0.003939, 0.003655, 0.003389, 0.003142, 
                                                        ^~~~~~~~
./FIR_lpf_coefficients.h(8): warning: implicit conversion loses floating-point precision: 'double' to 'float' [-Wimplicit-float-conversion]
                                                        0.005693, 0.005294, 0.004920, 0.004570, 0.004244, 0.003939, 0.003655, 0.003389, 0.003142, 
                                                                  ^~~~~~~~
./FIR_lpf_coefficients.h(8): warning: implicit conversion loses floating-point precision: 'double' to 'float' [-Wimplicit-float-conversion]
                                                        0.005693, 0.005294, 0.004920, 0.004570, 0.004244, 0.003939, 0.003655, 0.003389, 0.003142, 
                                                                            ^~~~~~~~
./FIR_lpf_coefficients.h(8): warning: implicit conversion loses floating-point precision: 'double' to 'float' [-Wimplicit-float-conversion]
                                                        0.005693, 0.005294, 0.004920, 0.004570, 0.004244, 0.003939, 0.003655, 0.003389, 0.003142, 
                                                                                      ^~~~~~~~
./FIR_lpf_coefficients.h(8): warning: implicit conversion loses floating-point precision: 'double' to 'float' [-Wimplicit-float-conversion]
                                                        0.005693, 0.005294, 0.004920, 0.004570, 0.004244, 0.003939, 0.003655, 0.003389, 0.003142, 
                                                                                                ^~~~~~~~
./FIR_lpf_coefficients.h(8): warning: implicit conversion loses floating-point precision: 'double' to 'float' [-Wimplicit-float-conversion]
                                                        0.005693, 0.005294, 0.004920, 0.004570, 0.004244, 0.003939, 0.003655, 0.003389, 0.003142, 
                                                                                                          ^~~~~~~~
./FIR_lpf_coefficients.h(8): warning: implicit conversion loses floating-point precision: 'double' to 'float' [-Wimplicit-float-conversion]
                                                        0.005693, 0.005294, 0.004920, 0.004570, 0.004244, 0.003939, 0.003655, 0.003389, 0.003142, 
                                                                                                                    ^~~~~~~~
./FIR_lpf_coefficients.h(8): warning: implicit conversion loses floating-point precision: 'double' to 'float' [-Wimplicit-float-conversion]
                                                        0.005693, 0.005294, 0.004920, 0.004570, 0.004244, 0.003939, 0.003655, 0.003389, 0.003142, 
                                                                                                                              ^~~~~~~~
./FIR_lpf_coefficients.h(8): warning: implicit conversion loses floating-point precision: 'double' to 'float' [-Wimplicit-float-conversion]
                                                        0.005693, 0.005294, 0.004920, 0.004570, 0.004244, 0.003939, 0.003655, 0.003389, 0.003142, 
                                                                                                                                        ^~~~~~~~
./FIR_lpf_coefficients.h(9): warning: implicit conversion loses floating-point precision: 'double' to 'float' [-Wimplicit-float-conversion]
                                                        0.002912, 0.002698, 0.002499, 0.002313, 0.002141, 0.001981, 0.001833, 0.001695, 0.001567, 
                                                        ^~~~~~~~
./FIR_lpf_coefficients.h(9): warning: implicit conversion loses floating-point precision: 'double' to 'float' [-Wimplicit-float-conversion]
                                                        0.002912, 0.002698, 0.002499, 0.002313, 0.002141, 0.001981, 0.001833, 0.001695, 0.001567, 
                                                                  ^~~~~~~~
./FIR_lpf_coefficients.h(9): warning: implicit conversion loses floating-point precision: 'double' to 'float' [-Wimplicit-float-conversion]
                                                        0.002912, 0.002698, 0.002499, 0.002313, 0.002141, 0.001981, 0.001833, 0.001695, 0.001567, 
                                                                            ^~~~~~~~
./FIR_lpf_coefficients.h(9): warning: implicit conversion loses floating-point precision: 'double' to 'float' [-Wimplicit-float-conversion]
                                                        0.002912, 0.002698, 0.002499, 0.002313, 0.002141, 0.001981, 0.001833, 0.001695, 0.001567, 
                                                                                      ^~~~~~~~
./FIR_lpf_coefficients.h(9): warning: implicit conversion loses floating-point precision: 'double' to 'float' [-Wimplicit-float-conversion]
                                                        0.002912, 0.002698, 0.002499, 0.002313, 0.002141, 0.001981, 0.001833, 0.001695, 0.001567, 
                                                                                                ^~~~~~~~
./FIR_lpf_coefficients.h(9): warning: implicit conversion loses floating-point precision: 'double' to 'float' [-Wimplicit-float-conversion]
                                                        0.002912, 0.002698, 0.002499, 0.002313, 0.002141, 0.001981, 0.001833, 0.001695, 0.001567, 
                                                                                                          ^~~~~~~~
./FIR_lpf_coefficients.h(9): warning: implicit conversion loses floating-point precision: 'double' to 'float' [-Wimplicit-float-conversion]
                                                        0.002912, 0.002698, 0.002499, 0.002313, 0.002141, 0.001981, 0.001833, 0.001695, 0.001567, 
                                                                                                                    ^~~~~~~~
./FIR_lpf_coefficients.h(9): warning: implicit conversion loses floating-point precision: 'double' to 'float' [-Wimplicit-float-conversion]
                                                        0.002912, 0.002698, 0.002499, 0.002313, 0.002141, 0.001981, 0.001833, 0.001695, 0.001567, 
                                                                                                                              ^~~~~~~~
./FIR_lpf_coefficients.h(9): warning: implicit conversion loses floating-point precision: 'double' to 'float' [-Wimplicit-float-conversion]
                                                        0.002912, 0.002698, 0.002499, 0.002313, 0.002141, 0.001981, 0.001833, 0.001695, 0.001567, 
                                                                                                                                        ^~~~~~~~
./FIR_lpf_coefficients.h(10): warning: implicit conversion loses floating-point precision: 'double' to 'float' [-Wimplicit-float-conversion]
                                                        0.001448};
                                                        ^~~~~~~~
./FIR_lpf_coefficients.h(3): warning: no previous extern declaration for non-static variable 'h' [-Wmissing-variable-declarations]
float h[K] = {0.002044, 0.007806, 0.014554, 0.020018, 0.024374, 0.027780, 0.030370, 0.032264, 0.033568, 
      ^
./FIR_lpf_coefficients.h(3): note: declare 'static' if the variable is not intended to be used outside of this translation unit
float h[K] = {0.002044, 0.007806, 0.014554, 0.020018, 0.024374, 0.027780, 0.030370, 0.032264, 0.033568, 
^
main.c(6): warning: declaration shadows a variable in the global scope [-Wshadow]
void convolution_sum(float x[],float h[],float y[], int size1, int size2){
                                     ^
./FIR_lpf_coefficients.h(3): note: previous declaration is here
float h[K] = {0.002044, 0.007806, 0.014554, 0.020018, 0.024374, 0.027780, 0.030370, 0.032264, 0.033568, 
      ^
main.c(6): warning: no previous prototype for function 'convolution_sum' [-Wmissing-prototypes]
void convolution_sum(float x[],float h[],float y[], int size1, int size2){
     ^
main.c(6): note: declare 'static' if the function is not intended to be used outside of this translation unit
void convolution_sum(float x[],float h[],float y[], int size1, int size2){
^
static 
main.c(28): warning: implicit conversion from 'int' to 'float' may lose precision [-Wimplicit-int-float-conversion]
                x[n] = arm_sin_f32(PI*n/128) + arm_sin_f32(PI*n/4);
                                     ~^
main.c(28): warning: implicit conversion from 'int' to 'float' may lose precision [-Wimplicit-int-float-conversion]
                x[n] = arm_sin_f32(PI*n/128) + arm_sin_f32(PI*n/4);
                                                             ~^
main.c(20): warning: no previous extern declaration for non-static variable 'n' [-Wmissing-variable-declarations]
int n;
    ^
main.c(20): note: declare 'static' if the variable is not intended to be used outside of this translation unit
int n;
^
main.c(21): warning: no previous extern declaration for non-static variable 'x' [-Wmissing-variable-declarations]
float x[N], y[N];                                                                                               //buffer de entrada y salida
      ^
main.c(21): note: declare 'static' if the variable is not intended to be used outside of this translation unit
float x[N], y[N];                                                                                               //buffer de entrada y salida
^
main.c(21): warning: no previous extern declaration for non-static variable 'y' [-Wmissing-variable-declarations]
float x[N], y[N];                                                                                               //buffer de entrada y salida
            ^
main.c(21): note: declare 'static' if the variable is not intended to be used outside of this translation unit
float x[N], y[N];                                                                                               //buffer de entrada y salida
^
93 warnings generated.
compiling main.c...
linking...
Program Size: Code=868 RO-data=2476 RW-data=256 ZI-data=5736  
".\Objects\diseño de filtro fir.axf" - 0 Error(s), 93 Warning(s).

<h2>Software Packages used:</h2>

Package Vendor: ARM
                http://www.keil.com/pack/ARM.CMSIS.5.7.0.pack
                ARM.CMSIS.5.7.0
                CMSIS (Cortex Microcontroller Software Interface Standard)
   * Component: CORE Version: 5.4.0
   * Component: DSP Variant: Source Version: 1.8.0

Package Vendor: Keil
                http://www.keil.com/pack/Keil.STM32F4xx_DFP.2.14.0.pack
                Keil.STM32F4xx_DFP.2.14.0
                STMicroelectronics STM32F4 Series Device Support, Drivers and Examples
   * Component: Startup Version: 2.6.3

<h2>Collection of Component include folders:</h2>
  .\RTE\_CORTEX_M4
  C:\Users\Lenovo\AppData\Local\Arm\Packs\ARM\CMSIS\5.7.0\CMSIS\Core\Include
  C:\Users\Lenovo\AppData\Local\Arm\Packs\ARM\CMSIS\5.7.0\CMSIS\DSP\Include
  C:\Users\Lenovo\AppData\Local\Arm\Packs\ARM\CMSIS\5.7.0\CMSIS\DSP\PrivateInclude
  C:\Users\Lenovo\AppData\Local\Arm\Packs\Keil\STM32F4xx_DFP\2.14.0\Drivers\CMSIS\Device\ST\STM32F4xx\Include

<h2>Collection of Component Files used:</h2>

   * Component: ARM::CMSIS:CORE:5.4.0

   * Component: ARM::CMSIS:DSP:Source:1.8.0
      Source file:   CMSIS\DSP\Source\SVMFunctions\SVMFunctions.c
      Source file:   CMSIS\DSP\Source\ComplexMathFunctions\ComplexMathFunctions.c
      Source file:   CMSIS\DSP\Source\BayesFunctions\BayesFunctions.c
      Source file:   CMSIS\DSP\Source\TransformFunctions\TransformFunctions.c
      Source file:   CMSIS\DSP\Source\SupportFunctions\SupportFunctions.c
      Source file:   CMSIS\DSP\Source\DistanceFunctions\DistanceFunctions.c
      Source file:   CMSIS\DSP\Source\MatrixFunctions\MatrixFunctions.c
      Source file:   CMSIS\DSP\Source\FastMathFunctions\FastMathFunctions.c
      Include file:  CMSIS\DSP\Include\arm_math.h
      Source file:   CMSIS\DSP\Source\BasicMathFunctions\BasicMathFunctions.c
      Source file:   CMSIS\DSP\Source\CommonTables\CommonTables.c
      Source file:   CMSIS\DSP\Source\ControllerFunctions\ControllerFunctions.c
      Source file:   CMSIS\DSP\Source\FilteringFunctions\FilteringFunctions.c
      Source file:   CMSIS\DSP\Source\StatisticsFunctions\StatisticsFunctions.c

   * Component: Keil::Device:Startup:2.6.3
      Source file:   MDK\Device\Source\ARM\STM32F40xxx_41xxx_OPT.s
      Include file:  Drivers\CMSIS\Device\ST\STM32F4xx\Include\stm32f4xx.h
      Source file:   Drivers\CMSIS\Device\ST\STM32F4xx\Source\Templates\arm\startup_stm32f407xx.s
      Source file:   MDK\Device\Source\ARM\STM32F4xx_OTP.s
      Source file:   Drivers\CMSIS\Device\ST\STM32F4xx\Source\Templates\system_stm32f4xx.c
Build Time Elapsed:  00:00:03
</pre>
</body>
</html>
